<!doctype html public "-//w3c//dtd html 4.0 transitional//en">
<html><head>
<title>Static Call Graph - [.\Objects\NRF52832_First_Demo.axf]</title></head>
<body><HR>
<H1>Static Call Graph for image .\Objects\NRF52832_First_Demo.axf</H1><HR>
<BR><P>#&#060CALLGRAPH&#062# ARM Linker, 5060183: Last Updated: Sat Jul 25 21:24:24 2020
<BR><P>
<H3>Maximum Stack Usage =       3636 bytes + Unknown(Functions without stacksize, Cycles, Untraceable Function Pointers)</H3><H3>
Call chain for Maximum Stack Depth:</H3>
main &rArr; idle_state_handle &rArr; nrf_ble_lesc_request_handler &rArr; compute_and_give_dhkey &rArr; nrf_crypto_rng_vector_generate &rArr; generate &rArr; nrf_crypto_rng_backend_vector_generate &rArr; mbedtls_ctr_drbg_random &rArr; mbedtls_ctr_drbg_random_with_add &rArr; mbedtls_ctr_drbg_reseed &rArr; block_cipher_df &rArr; mbedtls_aes_setkey_enc &rArr; aes_gen_tables
<P>
<H3>
Functions with no stack information
</H3><UL>
 <LI><a href="#[368]">ocrypto_bigint_add128</a>
 <LI><a href="#[369]">ocrypto_bigint_sub128</a>
 <LI><a href="#[36a]">ocrypto_bigint_add256</a>
 <LI><a href="#[a6]">ocrypto_bigint_sub256</a>
 <LI><a href="#[a3]">ocrypto_bigint_cadd256</a>
 <LI><a href="#[36b]">ocrypto_bigint_csub256</a>
 <LI><a href="#[8d]">ocrypto_bigint_cswap256</a>
 <LI><a href="#[a5]">ocrypto_bigint_mul128</a>
 <LI><a href="#[36c]">ocrypto_bigint_sqr256</a>
 <LI><a href="#[36d]">ocrypto_bigint_mul256</a>
 <LI><a href="#[b2]">ocrypto_constant_time_equal</a>
 <LI><a href="#[ba]">ocrypto_constant_time_is_zero</a>
 <LI><a href="#[8f]">ocrypto_constant_time_copy</a>
 <LI><a href="#[ca]">ocrypto_constant_time_fill_zero</a>
 <LI><a href="#[b0]">ocrypto_mod_p256_add</a>
 <LI><a href="#[b9]">ocrypto_mod_p256_sub</a>
 <LI><a href="#[af]">ocrypto_mod_p256_square</a>
 <LI><a href="#[b1]">ocrypto_mod_p256_mul</a>
 <LI><a href="#[9f]">ocrypto_mod25519_add</a>
 <LI><a href="#[a1]">ocrypto_mod25519_sub</a>
 <LI><a href="#[9e]">ocrypto_mod25519_square</a>
 <LI><a href="#[98]">ocrypto_mod25519_mul</a>
 <LI><a href="#[a9]">ocrypto_mod25519_mul121666</a>
 <LI><a href="#[c9]">ocrypto_mod25519_freeze</a>
 <LI><a href="#[a7]">ocrypto_curve25519_scalarmult</a>
 <LI><a href="#[ac]">ocrypto_curve25519_scalarmult_base</a>
 <LI><a href="#[ad]">ocrypto_curve_p256_from64bytes</a>
 <LI><a href="#[b3]">ocrypto_curve_p256_scalarmult</a>
 <LI><a href="#[bb]">ocrypto_curve_p256_scalarmult_base</a>
 <LI><a href="#[bc]">ocrypto_curve_p256_to32bytes</a>
 <LI><a href="#[be]">ocrypto_curve_p256_to64bytes</a>
 <LI><a href="#[bf]">ocrypto_ecdh_p256_common_secret</a>
 <LI><a href="#[c1]">ocrypto_ecdh_p256_public_key</a>
 <LI><a href="#[c2]">ocrypto_ed25519_public_key</a>
 <LI><a href="#[c6]">ocrypto_ge25519_pack</a>
 <LI><a href="#[c5]">ocrypto_ge25519_scalarmult_base</a>
 <LI><a href="#[a8]">ocrypto_mod25519_fromBytes</a>
 <LI><a href="#[c7]">ocrypto_mod25519_getsign</a>
 <LI><a href="#[a2]">ocrypto_mod25519_init</a>
 <LI><a href="#[a0]">ocrypto_mod25519_neg</a>
 <LI><a href="#[aa]">ocrypto_mod25519_power</a>
 <LI><a href="#[ab]">ocrypto_mod25519_toBytes</a>
 <LI><a href="#[b5]">ocrypto_mod_p256_cneg</a>
 <LI><a href="#[ae]">ocrypto_mod_p256_fromBytes</a>
 <LI><a href="#[b8]">ocrypto_mod_p256_invert</a>
 <LI><a href="#[bd]">ocrypto_mod_p256_toBytes</a>
 <LI><a href="#[c4]">ocrypto_sc25519_from32bytes</a>
 <LI><a href="#[c8]">ocrypto_sc25519_window4</a>
 <LI><a href="#[c0]">ocrypto_sc_p256_from32bytes</a>
 <LI><a href="#[c3]">ocrypto_sha512</a>
 <LI><a href="#[cb]">ocrypto_sha512_final</a>
 <LI><a href="#[ce]">ocrypto_sha512_loop1</a>
 <LI><a href="#[cf]">ocrypto_sha512_loop2</a>
 <LI><a href="#[cc]">sha512_blocks</a>
 <LI><a href="#[cd]">sha512_blocks.constprop.0</a>
 <LI><a href="#[b4]">p256_zdblu</a>
 <LI><a href="#[b7]">p256_zaddc</a>
 <LI><a href="#[b6]">p256_zaddu</a>
 <LI><a href="#[99]">mixaddsub_p1p1</a>
 <LI><a href="#[9d]">dbl_p1p1</a>
 <LI><a href="#[97]">get_entry</a>
 <LI><a href="#[9c]">get_entry.constprop.0</a>
 <LI><a href="#[96]">add_entry.constprop.0</a>
 <LI><a href="#[9a]">add_entry.constprop.1</a>
 <LI><a href="#[9b]">add_entry.constprop.2</a>
 <LI><a href="#[a4]">m_reduction_step</a>
 <LI><a href="#[8e]">cswap64</a>
</UL>
</UL>
<P>
<H3>
Mutually Recursive functions
</H3> <LI><a href="#[a]">NMI_Handler</a>&nbsp;&nbsp;&nbsp;&rArr;&nbsp;&nbsp;&nbsp;<a href="#[a]">NMI_Handler</a><BR>
 <LI><a href="#[b]">HardFault_Handler</a>&nbsp;&nbsp;&nbsp;&rArr;&nbsp;&nbsp;&nbsp;<a href="#[b]">HardFault_Handler</a><BR>
 <LI><a href="#[c]">MemoryManagement_Handler</a>&nbsp;&nbsp;&nbsp;&rArr;&nbsp;&nbsp;&nbsp;<a href="#[c]">MemoryManagement_Handler</a><BR>
 <LI><a href="#[d]">BusFault_Handler</a>&nbsp;&nbsp;&nbsp;&rArr;&nbsp;&nbsp;&nbsp;<a href="#[d]">BusFault_Handler</a><BR>
 <LI><a href="#[e]">UsageFault_Handler</a>&nbsp;&nbsp;&nbsp;&rArr;&nbsp;&nbsp;&nbsp;<a href="#[e]">UsageFault_Handler</a><BR>
 <LI><a href="#[f]">SVC_Handler</a>&nbsp;&nbsp;&nbsp;&rArr;&nbsp;&nbsp;&nbsp;<a href="#[f]">SVC_Handler</a><BR>
 <LI><a href="#[10]">DebugMon_Handler</a>&nbsp;&nbsp;&nbsp;&rArr;&nbsp;&nbsp;&nbsp;<a href="#[10]">DebugMon_Handler</a><BR>
 <LI><a href="#[11]">PendSV_Handler</a>&nbsp;&nbsp;&nbsp;&rArr;&nbsp;&nbsp;&nbsp;<a href="#[11]">PendSV_Handler</a><BR>
 <LI><a href="#[12]">SysTick_Handler</a>&nbsp;&nbsp;&nbsp;&rArr;&nbsp;&nbsp;&nbsp;<a href="#[12]">SysTick_Handler</a><BR>
 <LI><a href="#[22]">CCM_AAR_IRQHandler</a>&nbsp;&nbsp;&nbsp;&rArr;&nbsp;&nbsp;&nbsp;<a href="#[22]">CCM_AAR_IRQHandler</a><BR>
 <LI><a href="#[104]">nrf_log_frontend_dequeue</a>&nbsp;&nbsp;&nbsp;&rArr;&nbsp;&nbsp;&nbsp;<a href="#[105]">nrf_log_frontend_std_0</a><BR>
 <LI><a href="#[8c]">__asm___12_nrf_atfifo_c_51f461e1__nrf_atfifo_rspace_close</a>&nbsp;&nbsp;&nbsp;&rArr;&nbsp;&nbsp;&nbsp;<a href="#[8c]">__asm___12_nrf_atfifo_c_51f461e1__nrf_atfifo_rspace_close</a><BR>
 <LI><a href="#[8b]">__asm___12_nrf_atfifo_c_51f461e1__nrf_atfifo_wspace_close</a>&nbsp;&nbsp;&nbsp;&rArr;&nbsp;&nbsp;&nbsp;<a href="#[8b]">__asm___12_nrf_atfifo_c_51f461e1__nrf_atfifo_wspace_close</a><BR>
 <LI><a href="#[8f]">ocrypto_constant_time_copy</a>&nbsp;&nbsp;&nbsp;&rArr;&nbsp;&nbsp;&nbsp;<a href="#[8f]">ocrypto_constant_time_copy</a><BR>
 <LI><a href="#[83]">nrf_fstorage_sys_evt_handler</a>&nbsp;&nbsp;&nbsp;&rArr;&nbsp;&nbsp;&nbsp;<a href="#[2af]">queue_process</a><BR>
 <LI><a href="#[317]">pm_handler_flash_clean_on_return</a>&nbsp;&nbsp;&nbsp;&rArr;&nbsp;&nbsp;&nbsp;<a href="#[314]">pm_handler_flash_clean</a><BR>
 <LI><a href="#[318]">rank_highest</a>&nbsp;&nbsp;&nbsp;&rArr;&nbsp;&nbsp;&nbsp;<a href="#[314]">pm_handler_flash_clean</a><BR>
 <LI><a href="#[190]">buffer_add</a>&nbsp;&nbsp;&nbsp;&rArr;&nbsp;&nbsp;&nbsp;<a href="#[190]">buffer_add</a><BR>
</UL>
<P>
<H3>
Function Pointers
</H3><UL>
 <LI><a href="#[d]">BusFault_Handler</a> from arm_startup_nrf52.o(.text) referenced from arm_startup_nrf52.o(RESET)
 <LI><a href="#[22]">CCM_AAR_IRQHandler</a> from arm_startup_nrf52.o(.text) referenced from arm_startup_nrf52.o(RESET)
 <LI><a href="#[26]">COMP_LPCOMP_IRQHandler</a> from arm_startup_nrf52.o(.text) referenced from arm_startup_nrf52.o(RESET)
 <LI><a href="#[10]">DebugMon_Handler</a> from arm_startup_nrf52.o(.text) referenced from arm_startup_nrf52.o(RESET)
 <LI><a href="#[21]">ECB_IRQHandler</a> from arm_startup_nrf52.o(.text) referenced from arm_startup_nrf52.o(RESET)
 <LI><a href="#[37]">FPU_IRQHandler</a> from arm_startup_nrf52.o(.text) referenced from arm_startup_nrf52.o(RESET)
 <LI><a href="#[19]">GPIOTE_IRQHandler</a> from nrfx_gpiote.o(i.GPIOTE_IRQHandler) referenced from arm_startup_nrf52.o(RESET)
 <LI><a href="#[b]">HardFault_Handler</a> from arm_startup_nrf52.o(.text) referenced from arm_startup_nrf52.o(RESET)
 <LI><a href="#[36]">I2S_IRQHandler</a> from arm_startup_nrf52.o(.text) referenced from arm_startup_nrf52.o(RESET)
 <LI><a href="#[31]">MWU_IRQHandler</a> from arm_startup_nrf52.o(.text) referenced from arm_startup_nrf52.o(RESET)
 <LI><a href="#[c]">MemoryManagement_Handler</a> from arm_startup_nrf52.o(.text) referenced from arm_startup_nrf52.o(RESET)
 <LI><a href="#[18]">NFCT_IRQHandler</a> from arm_startup_nrf52.o(.text) referenced from arm_startup_nrf52.o(RESET)
 <LI><a href="#[a]">NMI_Handler</a> from arm_startup_nrf52.o(.text) referenced from arm_startup_nrf52.o(RESET)
 <LI><a href="#[30]">PDM_IRQHandler</a> from arm_startup_nrf52.o(.text) referenced from arm_startup_nrf52.o(RESET)
 <LI><a href="#[13]">POWER_CLOCK_IRQHandler</a> from nrfx_clock.o(i.POWER_CLOCK_IRQHandler) referenced from arm_startup_nrf52.o(RESET)
 <LI><a href="#[2f]">PWM0_IRQHandler</a> from arm_startup_nrf52.o(.text) referenced from arm_startup_nrf52.o(RESET)
 <LI><a href="#[32]">PWM1_IRQHandler</a> from arm_startup_nrf52.o(.text) referenced from arm_startup_nrf52.o(RESET)
 <LI><a href="#[33]">PWM2_IRQHandler</a> from arm_startup_nrf52.o(.text) referenced from arm_startup_nrf52.o(RESET)
 <LI><a href="#[11]">PendSV_Handler</a> from arm_startup_nrf52.o(.text) referenced from arm_startup_nrf52.o(RESET)
 <LI><a href="#[25]">QDEC_IRQHandler</a> from arm_startup_nrf52.o(.text) referenced from arm_startup_nrf52.o(RESET)
 <LI><a href="#[14]">RADIO_IRQHandler</a> from arm_startup_nrf52.o(.text) referenced from arm_startup_nrf52.o(RESET)
 <LI><a href="#[20]">RNG_IRQHandler</a> from nrfx_rng.o(i.RNG_IRQHandler) referenced from arm_startup_nrf52.o(RESET)
 <LI><a href="#[1e]">RTC0_IRQHandler</a> from arm_startup_nrf52.o(.text) referenced from arm_startup_nrf52.o(RESET)
 <LI><a href="#[24]">RTC1_IRQHandler</a> from app_timer.o(i.RTC1_IRQHandler) referenced from arm_startup_nrf52.o(RESET)
 <LI><a href="#[35]">RTC2_IRQHandler</a> from arm_startup_nrf52.o(.text) referenced from arm_startup_nrf52.o(RESET)
 <LI><a href="#[9]">Reset_Handler</a> from arm_startup_nrf52.o(.text) referenced from arm_startup_nrf52.o(RESET)
 <LI><a href="#[1a]">SAADC_IRQHandler</a> from arm_startup_nrf52.o(.text) referenced from arm_startup_nrf52.o(RESET)
 <LI><a href="#[16]">SPIM0_SPIS0_TWIM0_TWIS0_SPI0_TWI0_IRQHandler</a> from arm_startup_nrf52.o(.text) referenced from arm_startup_nrf52.o(RESET)
 <LI><a href="#[17]">SPIM1_SPIS1_TWIM1_TWIS1_SPI1_TWI1_IRQHandler</a> from arm_startup_nrf52.o(.text) referenced from arm_startup_nrf52.o(RESET)
 <LI><a href="#[34]">SPIM2_SPIS2_SPI2_IRQHandler</a> from arm_startup_nrf52.o(.text) referenced from arm_startup_nrf52.o(RESET)
 <LI><a href="#[f]">SVC_Handler</a> from arm_startup_nrf52.o(.text) referenced from arm_startup_nrf52.o(RESET)
 <LI><a href="#[27]">SWI0_EGU0_IRQHandler</a> from app_timer.o(i.SWI0_EGU0_IRQHandler) referenced from arm_startup_nrf52.o(RESET)
 <LI><a href="#[28]">SWI1_EGU1_IRQHandler</a> from arm_startup_nrf52.o(.text) referenced from arm_startup_nrf52.o(RESET)
 <LI><a href="#[29]">SWI2_EGU2_IRQHandler</a> from nrf_sdh.o(i.SWI2_EGU2_IRQHandler) referenced from arm_startup_nrf52.o(RESET)
 <LI><a href="#[2a]">SWI3_EGU3_IRQHandler</a> from arm_startup_nrf52.o(.text) referenced from arm_startup_nrf52.o(RESET)
 <LI><a href="#[2b]">SWI4_EGU4_IRQHandler</a> from arm_startup_nrf52.o(.text) referenced from arm_startup_nrf52.o(RESET)
 <LI><a href="#[2c]">SWI5_EGU5_IRQHandler</a> from arm_startup_nrf52.o(.text) referenced from arm_startup_nrf52.o(RESET)
 <LI><a href="#[12]">SysTick_Handler</a> from arm_startup_nrf52.o(.text) referenced from arm_startup_nrf52.o(RESET)
 <LI><a href="#[39]">SystemInit</a> from system_nrf52.o(i.SystemInit) referenced from arm_startup_nrf52.o(.text)
 <LI><a href="#[1f]">TEMP_IRQHandler</a> from arm_startup_nrf52.o(.text) referenced from arm_startup_nrf52.o(RESET)
 <LI><a href="#[1b]">TIMER0_IRQHandler</a> from arm_startup_nrf52.o(.text) referenced from arm_startup_nrf52.o(RESET)
 <LI><a href="#[1c]">TIMER1_IRQHandler</a> from arm_startup_nrf52.o(.text) referenced from arm_startup_nrf52.o(RESET)
 <LI><a href="#[1d]">TIMER2_IRQHandler</a> from arm_startup_nrf52.o(.text) referenced from arm_startup_nrf52.o(RESET)
 <LI><a href="#[2d]">TIMER3_IRQHandler</a> from arm_startup_nrf52.o(.text) referenced from arm_startup_nrf52.o(RESET)
 <LI><a href="#[2e]">TIMER4_IRQHandler</a> from arm_startup_nrf52.o(.text) referenced from arm_startup_nrf52.o(RESET)
 <LI><a href="#[15]">UARTE0_UART0_IRQHandler</a> from nrfx_prs.o(i.UARTE0_UART0_IRQHandler) referenced from arm_startup_nrf52.o(RESET)
 <LI><a href="#[e]">UsageFault_Handler</a> from arm_startup_nrf52.o(.text) referenced from arm_startup_nrf52.o(RESET)
 <LI><a href="#[23]">WDT_IRQHandler</a> from arm_startup_nrf52.o(.text) referenced from arm_startup_nrf52.o(RESET)
 <LI><a href="#[3a]">__main</a> from entry.o(.ARM.Collect$$$$00000000) referenced from arm_startup_nrf52.o(.text)
 <LI><a href="#[46]">app_error_fault_handler</a> from app_error_weak.o(i.app_error_fault_handler) referenced from nrf_sdh.o(i.nrf_sdh_enable_request)
 <LI><a href="#[41]">apply_pending_handle</a> from gatt_cache_manager.o(i.apply_pending_handle) referenced from gatt_cache_manager.o(i.gcm_ble_evt_handler)
 <LI><a href="#[4d]">battery_level_meas_timeout_handler</a> from main.o(i.battery_level_meas_timeout_handler) referenced from main.o(i.timers_init)
 <LI><a href="#[3c]">blacklisted_peers_state_transition_handle</a> from auth_status_tracker.o(i.blacklisted_peers_state_transition_handle) referenced from auth_status_tracker.o(i.ast_init)
 <LI><a href="#[7a]">ble_advertising_on_ble_evt</a> from ble_advertising.o(i.ble_advertising_on_ble_evt) referenced from main.o(sdh_ble_observers1)
 <LI><a href="#[7e]">ble_bas_on_ble_evt</a> from ble_bas.o(i.ble_bas_on_ble_evt) referenced from main.o(sdh_ble_observers2)
 <LI><a href="#[78]">ble_evt_handler</a> from ble_conn_state.o(i.ble_evt_handler) referenced from ble_conn_state.o(sdh_ble_observers0)
 <LI><a href="#[7b]">ble_evt_handler</a> from ble_conn_params.o(i.ble_evt_handler) referenced 2 times from ble_conn_params.o(sdh_ble_observers1)
 <LI><a href="#[80]">ble_evt_handler</a> from main.o(i.ble_evt_handler) referenced from main.o(sdh_ble_observers3)
 <LI><a href="#[7d]">ble_hrs_on_ble_evt</a> from ble_hrs.o(i.ble_hrs_on_ble_evt) referenced from main.o(sdh_ble_observers2)
 <LI><a href="#[53]">bsp_button_event_handler</a> from bsp.o(i.bsp_button_event_handler) referenced 4 times from bsp.o(.constdata)
 <LI><a href="#[52]">car_update_pending_handle</a> from gatt_cache_manager.o(i.car_update_pending_handle) referenced from gatt_cache_manager.o(i.update_pending_flags_check)
 <LI><a href="#[43]">clock_irq_handler</a> from nrf_drv_clock.o(i.clock_irq_handler) referenced from nrf_drv_clock.o(i.nrf_drv_clock_init)
 <LI><a href="#[3f]">conn_params_error_handler</a> from main.o(i.conn_params_error_handler) referenced from main.o(i.conn_params_init)
 <LI><a href="#[51]">db_update_pending_handle</a> from gatt_cache_manager.o(i.db_update_pending_handle) referenced from gatt_cache_manager.o(i.update_pending_flags_check)
 <LI><a href="#[42]">entropy_callback</a> from nrf_hw_backend_rng_mbedtls_1.o(i.entropy_callback) referenced from nrf_hw_backend_rng_mbedtls_1.o(i.nrf_crypto_rng_backend_init)
 <LI><a href="#[61]">erase</a> from nrf_fstorage_sd.o(i.erase) referenced from nrf_fstorage_sd.o(.constdata)
 <LI><a href="#[47]">fds_evt_handler</a> from peer_data_storage.o(i.fds_evt_handler) referenced from peer_data_storage.o(i.pds_init)
 <LI><a href="#[8]">fs_event_handler</a> from fds.o(i.fs_event_handler) referenced 2 times from fds.o(fs_data)
 <LI><a href="#[40]">gatt_evt_handler</a> from main.o(i.gatt_evt_handler) referenced from main.o(i.gatt_init)
 <LI><a href="#[55]">gcm_im_evt_handler</a> from gatt_cache_manager.o(i.gcm_im_evt_handler) referenced from id_manager.o(.constdata)
 <LI><a href="#[5a]">gcm_pdb_evt_handler</a> from gatt_cache_manager.o(i.gcm_pdb_evt_handler) referenced from peer_database.o(.constdata)
 <LI><a href="#[59]">gscm_pdb_evt_handler</a> from gatts_cache_manager.o(i.gscm_pdb_evt_handler) referenced from peer_database.o(.constdata)
 <LI><a href="#[4e]">heart_rate_meas_timeout_handler</a> from main.o(i.heart_rate_meas_timeout_handler) referenced from main.o(i.timers_init)
 <LI><a href="#[5d]">init</a> from nrf_fstorage_sd.o(i.init) referenced from nrf_fstorage_sd.o(.constdata)
 <LI><a href="#[64]">is_busy</a> from nrf_fstorage_sd.o(i.is_busy) referenced from nrf_fstorage_sd.o(.constdata)
 <LI><a href="#[4c]">link_secure_pending_handle</a> from security_manager.o(i.link_secure_pending_handle) referenced from security_manager.o(i.sm_ble_evt_handler)
 <LI><a href="#[4c]">link_secure_pending_handle</a> from security_manager.o(i.link_secure_pending_handle) referenced from security_manager.o(i.sm_pdb_evt_handler)
 <LI><a href="#[38]">main</a> from main.o(i.main) referenced from entry9a.o(.ARM.Collect$$$$0000000B)
 <LI><a href="#[72]">memcpy</a> from memmove.o(.text) referenced 3 times from oberon_backend_ecc.o(.constdata)
 <LI><a href="#[7]">memset</a> from memseta.o(.text) referenced 2 times from platform_util.o(.data)
 <LI><a href="#[79]">nrf_ble_gatt_on_ble_evt</a> from nrf_ble_gatt.o(i.nrf_ble_gatt_on_ble_evt) referenced from main.o(sdh_ble_observers1)
 <LI><a href="#[7f]">nrf_ble_qwr_on_ble_evt</a> from nrf_ble_qwr.o(i.nrf_ble_qwr_on_ble_evt) referenced from main.o(sdh_ble_observers2)
 <LI><a href="#[71]">nrf_crypto_backend_curve25519_ecdh_compute</a> from oberon_backend_ecdh.o(i.nrf_crypto_backend_curve25519_ecdh_compute) referenced from nrf_crypto_ecdh_1.o(.constdata)
 <LI><a href="#[66]">nrf_crypto_backend_curve25519_key_pair_generate</a> from oberon_backend_ecc.o(i.nrf_crypto_backend_curve25519_key_pair_generate) referenced from nrf_crypto_ecc_1.o(.constdata)
 <LI><a href="#[69]">nrf_crypto_backend_curve25519_public_key_calculate</a> from oberon_backend_ecc.o(i.nrf_crypto_backend_curve25519_public_key_calculate) referenced from nrf_crypto_ecc_1.o(.constdata)
 <LI><a href="#[67]">nrf_crypto_backend_ed25519_key_pair_generate</a> from oberon_backend_ecc.o(i.nrf_crypto_backend_ed25519_key_pair_generate) referenced from nrf_crypto_ecc_1.o(.constdata)
 <LI><a href="#[6c]">nrf_crypto_backend_ed25519_private_key_from_raw</a> from oberon_backend_ecc.o(i.nrf_crypto_backend_ed25519_private_key_from_raw) referenced from nrf_crypto_ecc_1.o(.constdata)
 <LI><a href="#[6a]">nrf_crypto_backend_ed25519_public_key_calculate</a> from oberon_backend_ecc.o(i.nrf_crypto_backend_ed25519_public_key_calculate) referenced from nrf_crypto_ecc_1.o(.constdata)
 <LI><a href="#[6b]">nrf_crypto_backend_oberon_private_key_from_raw</a> from oberon_backend_ecc.o(i.nrf_crypto_backend_oberon_private_key_from_raw) referenced 2 times from nrf_crypto_ecc_1.o(.constdata)
 <LI><a href="#[6d]">nrf_crypto_backend_oberon_private_key_to_raw</a> from oberon_backend_ecc.o(i.nrf_crypto_backend_oberon_private_key_to_raw) referenced 3 times from nrf_crypto_ecc_1.o(.constdata)
 <LI><a href="#[6e]">nrf_crypto_backend_oberon_public_key_from_raw</a> from oberon_backend_ecc.o(i.nrf_crypto_backend_oberon_public_key_from_raw) referenced 3 times from nrf_crypto_ecc_1.o(.constdata)
 <LI><a href="#[6f]">nrf_crypto_backend_oberon_public_key_to_raw</a> from oberon_backend_ecc.o(i.nrf_crypto_backend_oberon_public_key_to_raw) referenced 3 times from nrf_crypto_ecc_1.o(.constdata)
 <LI><a href="#[70]">nrf_crypto_backend_secp256r1_ecdh_compute</a> from oberon_backend_ecdh.o(i.nrf_crypto_backend_secp256r1_ecdh_compute) referenced from nrf_crypto_ecdh_1.o(.constdata)
 <LI><a href="#[65]">nrf_crypto_backend_secp256r1_key_pair_generate</a> from oberon_backend_ecc.o(i.nrf_crypto_backend_secp256r1_key_pair_generate) referenced from nrf_crypto_ecc_1.o(.constdata)
 <LI><a href="#[68]">nrf_crypto_backend_secp256r1_public_key_calculate</a> from oberon_backend_ecc.o(i.nrf_crypto_backend_secp256r1_public_key_calculate) referenced from nrf_crypto_ecc_1.o(.constdata)
 <LI><a href="#[81]">nrf_fstorage_sdh_req_handler</a> from nrf_fstorage_sd.o(i.nrf_fstorage_sdh_req_handler) referenced from nrf_fstorage_sd.o(sdh_req_observers0)
 <LI><a href="#[87]">nrf_fstorage_sdh_state_handler</a> from nrf_fstorage_sd.o(i.nrf_fstorage_sdh_state_handler) referenced from nrf_fstorage_sd.o(sdh_state_observers0)
 <LI><a href="#[83]">nrf_fstorage_sys_evt_handler</a> from nrf_fstorage_sd.o(i.nrf_fstorage_sys_evt_handler) referenced from nrf_fstorage_sd.o(sdh_soc_observers0)
 <LI><a href="#[76]">nrf_hw_backend_init</a> from nrf_hw_backend_init.o(i.nrf_hw_backend_init) referenced from nrf_hw_backend_init.o(crypto_data)
 <LI><a href="#[77]">nrf_hw_backend_uninit</a> from nrf_hw_backend_init.o(i.nrf_hw_backend_uninit) referenced from nrf_hw_backend_init.o(crypto_data)
 <LI><a href="#[75]">nrf_log_backend_rtt_flush</a> from nrf_log_backend_rtt.o(i.nrf_log_backend_rtt_flush) referenced from nrf_log_backend_rtt.o(.constdata)
 <LI><a href="#[74]">nrf_log_backend_rtt_panic_set</a> from nrf_log_backend_rtt.o(i.nrf_log_backend_rtt_panic_set) referenced from nrf_log_backend_rtt.o(.constdata)
 <LI><a href="#[73]">nrf_log_backend_rtt_put</a> from nrf_log_backend_rtt.o(i.nrf_log_backend_rtt_put) referenced from nrf_log_backend_rtt.o(.constdata)
 <LI><a href="#[4a]">nrf_qwr_error_handler</a> from main.o(i.nrf_qwr_error_handler) referenced from main.o(i.services_init)
 <LI><a href="#[84]">nrf_sdh_ble_evts_poll</a> from nrf_sdh_ble.o(i.nrf_sdh_ble_evts_poll) referenced from nrf_sdh_ble.o(sdh_stack_observers0)
 <LI><a href="#[85]">nrf_sdh_soc_evts_poll</a> from nrf_sdh_soc.o(i.nrf_sdh_soc_evts_poll) referenced from nrf_sdh_soc.o(sdh_stack_observers0)
 <LI><a href="#[44]">nrfx_rng_handler</a> from nrf_drv_rng.o(i.nrfx_rng_handler) referenced from nrf_drv_rng.o(i.nrf_drv_rng_init)
 <LI><a href="#[44]">nrfx_rng_handler</a> from nrf_drv_rng.o(i.nrfx_rng_handler) referenced from nrf_drv_rng.o(i.sd_state_evt_handler)
 <LI><a href="#[3b]">on_adv_evt</a> from main.o(i.on_adv_evt) referenced from main.o(i.advertising_init)
 <LI><a href="#[3e]">on_conn_params_evt</a> from main.o(i.on_conn_params_evt) referenced from main.o(i.conn_params_init)
 <LI><a href="#[4b]">params_reply_pending_handle</a> from security_manager.o(i.params_reply_pending_handle) referenced from security_manager.o(i.sm_ble_evt_handler)
 <LI><a href="#[4b]">params_reply_pending_handle</a> from security_manager.o(i.params_reply_pending_handle) referenced from security_manager.o(i.sm_pdb_evt_handler)
 <LI><a href="#[56]">pdb_pds_evt_handler</a> from peer_database.o(i.pdb_pds_evt_handler) referenced from peer_data_storage.o(.constdata)
 <LI><a href="#[48]">pm_evt_handler</a> from main.o(i.pm_evt_handler) referenced from main.o(i.peer_manager_init)
 <LI><a href="#[5]">pm_gcm_evt_handler</a> from peer_manager.o(i.pm_gcm_evt_handler) referenced 2 times from gatt_cache_manager.o(.data)
 <LI><a href="#[6]">pm_gscm_evt_handler</a> from peer_manager.o(i.pm_gscm_evt_handler) referenced 2 times from gatts_cache_manager.o(.data)
 <LI><a href="#[54]">pm_im_evt_handler</a> from peer_manager.o(i.pm_im_evt_handler) referenced from id_manager.o(.constdata)
 <LI><a href="#[57]">pm_pdb_evt_handler</a> from peer_manager.o(i.pm_pdb_evt_handler) referenced from peer_database.o(.constdata)
 <LI><a href="#[5c]">pm_sm_evt_handler</a> from peer_manager.o(i.pm_sm_evt_handler) referenced from security_manager.o(.constdata)
 <LI><a href="#[5f]">read</a> from nrf_fstorage_sd.o(i.read) referenced from nrf_fstorage_sd.o(.constdata)
 <LI><a href="#[62]">rmap</a> from nrf_fstorage_sd.o(i.rmap) referenced from nrf_fstorage_sd.o(.constdata)
 <LI><a href="#[4f]">rr_interval_timeout_handler</a> from main.o(i.rr_interval_timeout_handler) referenced from main.o(i.timers_init)
 <LI><a href="#[49]">sc_send_pending_handle</a> from gatt_cache_manager.o(i.sc_send_pending_handle) referenced from gatt_cache_manager.o(i.service_changed_pending_flags_check)
 <LI><a href="#[86]">sd_state_evt_handler</a> from nrf_drv_clock.o(i.sd_state_evt_handler) referenced 2 times from nrf_drv_clock.o(sdh_state_observers0)
 <LI><a href="#[50]">sensor_contact_detected_timeout_handler</a> from main.o(i.sensor_contact_detected_timeout_handler) referenced from main.o(i.timers_init)
 <LI><a href="#[45]">serial_tx</a> from nrf_log_backend_rtt.o(i.serial_tx) referenced from nrf_log_backend_rtt.o(i.nrf_log_backend_rtt_put)
 <LI><a href="#[58]">sm_pdb_evt_handler</a> from security_manager.o(i.sm_pdb_evt_handler) referenced from peer_database.o(.constdata)
 <LI><a href="#[5b]">sm_smd_evt_handler</a> from security_manager.o(i.sm_smd_evt_handler) referenced from security_dispatcher.o(.constdata)
 <LI><a href="#[82]">soc_evt_handler</a> from nrf_drv_clock.o(i.soc_evt_handler) referenced from nrf_drv_clock.o(sdh_soc_observers0)
 <LI><a href="#[5e]">uninit</a> from nrf_fstorage_sd.o(i.uninit) referenced from nrf_fstorage_sd.o(.constdata)
 <LI><a href="#[3d]">update_timeout_handler</a> from ble_conn_params.o(i.update_timeout_handler) referenced from ble_conn_params.o(i.ble_conn_params_init)
 <LI><a href="#[63]">wmap</a> from nrf_fstorage_sd.o(i.wmap) referenced from nrf_fstorage_sd.o(.constdata)
 <LI><a href="#[60]">write</a> from nrf_fstorage_sd.o(i.write) referenced from nrf_fstorage_sd.o(.constdata)
</UL>
<P>
<H3>
Global Symbols
</H3>
<P><STRONG><a name="[3a]"></a>__main</STRONG> (Thumb, 0 bytes, Stack size unknown bytes, entry.o(.ARM.Collect$$$$00000000))
<BR>[Address Reference Count : 1]<UL><LI> arm_startup_nrf52.o(.text)
</UL>
<P><STRONG><a name="[35f]"></a>_main_stk</STRONG> (Thumb, 0 bytes, Stack size unknown bytes, entry2.o(.ARM.Collect$$$$00000001))

<P><STRONG><a name="[89]"></a>_main_scatterload</STRONG> (Thumb, 0 bytes, Stack size unknown bytes, entry5.o(.ARM.Collect$$$$00000004))
<BR><BR>[Calls]<UL><LI><a href="#[8a]">&gt;&gt;</a>&nbsp;&nbsp;&nbsp;__scatterload
</UL>

<P><STRONG><a name="[95]"></a>__main_after_scatterload</STRONG> (Thumb, 0 bytes, Stack size unknown bytes, entry5.o(.ARM.Collect$$$$00000004))
<BR><BR>[Called By]<UL><LI><a href="#[8a]">&gt;&gt;</a>&nbsp;&nbsp;&nbsp;__scatterload
</UL>

<P><STRONG><a name="[360]"></a>_main_clock</STRONG> (Thumb, 0 bytes, Stack size unknown bytes, entry7b.o(.ARM.Collect$$$$00000008))

<P><STRONG><a name="[361]"></a>_main_cpp_init</STRONG> (Thumb, 0 bytes, Stack size unknown bytes, entry8b.o(.ARM.Collect$$$$0000000A))

<P><STRONG><a name="[362]"></a>_main_init</STRONG> (Thumb, 0 bytes, Stack size unknown bytes, entry9a.o(.ARM.Collect$$$$0000000B))

<P><STRONG><a name="[363]"></a>__rt_final_cpp</STRONG> (Thumb, 0 bytes, Stack size unknown bytes, entry10a.o(.ARM.Collect$$$$0000000D))

<P><STRONG><a name="[364]"></a>__rt_final_exit</STRONG> (Thumb, 0 bytes, Stack size unknown bytes, entry11a.o(.ARM.Collect$$$$0000000F))

<P><STRONG><a name="[266]"></a>__asm___12_nrf_atfifo_c_51f461e1__nrf_atfifo_wspace_req</STRONG> (Thumb, 56 bytes, Stack size 0 bytes, nrf_atfifo.o(.emb_text))
<BR><BR>[Called By]<UL><LI><a href="#[1b9]">&gt;&gt;</a>&nbsp;&nbsp;&nbsp;nrf_atfifo_item_alloc
</UL>

<P><STRONG><a name="[8b]"></a>__asm___12_nrf_atfifo_c_51f461e1__nrf_atfifo_wspace_close</STRONG> (Thumb, 18 bytes, Stack size 0 bytes, nrf_atfifo.o(.emb_text))
<BR><BR>[Calls]<UL><LI><a href="#[8b]">&gt;&gt;</a>&nbsp;&nbsp;&nbsp;__asm___12_nrf_atfifo_c_51f461e1__nrf_atfifo_wspace_close
</UL>
<BR>[Called By]<UL><LI><a href="#[8b]">&gt;&gt;</a>&nbsp;&nbsp;&nbsp;__asm___12_nrf_atfifo_c_51f461e1__nrf_atfifo_wspace_close
<LI><a href="#[1ba]">&gt;&gt;</a>&nbsp;&nbsp;&nbsp;nrf_atfifo_item_put
</UL>

<P><STRONG><a name="[269]"></a>__asm___12_nrf_atfifo_c_51f461e1__nrf_atfifo_rspace_req</STRONG> (Thumb, 58 bytes, Stack size 0 bytes, nrf_atfifo.o(.emb_text))
<BR><BR>[Called By]<UL><LI><a href="#[268]">&gt;&gt;</a>&nbsp;&nbsp;&nbsp;nrf_atfifo_item_get
</UL>

<P><STRONG><a name="[8c]"></a>__asm___12_nrf_atfifo_c_51f461e1__nrf_atfifo_rspace_close</STRONG> (Thumb, 18 bytes, Stack size 0 bytes, nrf_atfifo.o(.emb_text))
<BR><BR>[Calls]<UL><LI><a href="#[8c]">&gt;&gt;</a>&nbsp;&nbsp;&nbsp;__asm___12_nrf_atfifo_c_51f461e1__nrf_atfifo_rspace_close
</UL>
<BR>[Called By]<UL><LI><a href="#[8c]">&gt;&gt;</a>&nbsp;&nbsp;&nbsp;__asm___12_nrf_atfifo_c_51f461e1__nrf_atfifo_rspace_close
<LI><a href="#[267]">&gt;&gt;</a>&nbsp;&nbsp;&nbsp;nrf_atfifo_item_free
</UL>

<P><STRONG><a name="[265]"></a>__asm___12_nrf_atfifo_c_51f461e1__nrf_atfifo_space_clear</STRONG> (Thumb, 50 bytes, Stack size 0 bytes, nrf_atfifo.o(.emb_text))
<BR><BR>[Called By]<UL><LI><a href="#[264]">&gt;&gt;</a>&nbsp;&nbsp;&nbsp;nrf_atfifo_clear
</UL>

<P><STRONG><a name="[272]"></a>__asm___12_nrf_atomic_c_85ca2469__nrf_atomic_internal_mov</STRONG> (Thumb, 24 bytes, Stack size 0 bytes, nrf_atomic.o(.emb_text))
<BR><BR>[Called By]<UL><LI><a href="#[1af]">&gt;&gt;</a>&nbsp;&nbsp;&nbsp;nrf_atomic_u32_fetch_store
</UL>

<P><STRONG><a name="[271]"></a>__asm___12_nrf_atomic_c_85ca2469__nrf_atomic_internal_orr</STRONG> (Thumb, 26 bytes, Stack size 0 bytes, nrf_atomic.o(.emb_text))
<BR><BR>[Called By]<UL><LI><a href="#[26c]">&gt;&gt;</a>&nbsp;&nbsp;&nbsp;nrf_atomic_u32_or
<LI><a href="#[26b]">&gt;&gt;</a>&nbsp;&nbsp;&nbsp;nrf_atomic_u32_fetch_or
</UL>

<P><STRONG><a name="[26f]"></a>__asm___12_nrf_atomic_c_85ca2469__nrf_atomic_internal_and</STRONG> (Thumb, 26 bytes, Stack size 0 bytes, nrf_atomic.o(.emb_text))
<BR><BR>[Called By]<UL><LI><a href="#[26a]">&gt;&gt;</a>&nbsp;&nbsp;&nbsp;nrf_atomic_u32_and
<LI><a href="#[26d]">&gt;&gt;</a>&nbsp;&nbsp;&nbsp;nrf_atomic_u32_fetch_and
</UL>

<P><STRONG><a name="[365]"></a>__asm___12_nrf_atomic_c_85ca2469__nrf_atomic_internal_eor</STRONG> (Thumb, 26 bytes, Stack size 0 bytes, nrf_atomic.o(.emb_text), UNUSED)

<P><STRONG><a name="[26e]"></a>__asm___12_nrf_atomic_c_85ca2469__nrf_atomic_internal_add</STRONG> (Thumb, 26 bytes, Stack size 0 bytes, nrf_atomic.o(.emb_text))
<BR><BR>[Called By]<UL><LI><a href="#[270]">&gt;&gt;</a>&nbsp;&nbsp;&nbsp;nrf_atomic_u32_fetch_add
<LI><a href="#[18e]">&gt;&gt;</a>&nbsp;&nbsp;&nbsp;nrf_atomic_u32_add
</UL>

<P><STRONG><a name="[274]"></a>__asm___12_nrf_atomic_c_85ca2469__nrf_atomic_internal_sub</STRONG> (Thumb, 26 bytes, Stack size 0 bytes, nrf_atomic.o(.emb_text))
<BR><BR>[Called By]<UL><LI><a href="#[273]">&gt;&gt;</a>&nbsp;&nbsp;&nbsp;nrf_atomic_u32_sub
</UL>

<P><STRONG><a name="[366]"></a>__asm___12_nrf_atomic_c_85ca2469__nrf_atomic_internal_cmp_exch</STRONG> (Thumb, 42 bytes, Stack size 0 bytes, nrf_atomic.o(.emb_text), UNUSED)

<P><STRONG><a name="[367]"></a>__asm___12_nrf_atomic_c_85ca2469__nrf_atomic_internal_sub_hs</STRONG> (Thumb, 30 bytes, Stack size 0 bytes, nrf_atomic.o(.emb_text), UNUSED)

<P><STRONG><a name="[9]"></a>Reset_Handler</STRONG> (Thumb, 8 bytes, Stack size 0 bytes, arm_startup_nrf52.o(.text))
<BR>[Address Reference Count : 1]<UL><LI> arm_startup_nrf52.o(RESET)
</UL>
<P><STRONG><a name="[a]"></a>NMI_Handler</STRONG> (Thumb, 2 bytes, Stack size 0 bytes, arm_startup_nrf52.o(.text))
<BR><BR>[Calls]<UL><LI><a href="#[a]">&gt;&gt;</a>&nbsp;&nbsp;&nbsp;NMI_Handler
</UL>
<BR>[Called By]<UL><LI><a href="#[a]">&gt;&gt;</a>&nbsp;&nbsp;&nbsp;NMI_Handler
</UL>
<BR>[Address Reference Count : 1]<UL><LI> arm_startup_nrf52.o(RESET)
</UL>
<P><STRONG><a name="[b]"></a>HardFault_Handler</STRONG> (Thumb, 2 bytes, Stack size 0 bytes, arm_startup_nrf52.o(.text))
<BR><BR>[Calls]<UL><LI><a href="#[b]">&gt;&gt;</a>&nbsp;&nbsp;&nbsp;HardFault_Handler
</UL>
<BR>[Called By]<UL><LI><a href="#[b]">&gt;&gt;</a>&nbsp;&nbsp;&nbsp;HardFault_Handler
</UL>
<BR>[Address Reference Count : 1]<UL><LI> arm_startup_nrf52.o(RESET)
</UL>
<P><STRONG><a name="[c]"></a>MemoryManagement_Handler</STRONG> (Thumb, 2 bytes, Stack size 0 bytes, arm_startup_nrf52.o(.text))
<BR><BR>[Calls]<UL><LI><a href="#[c]">&gt;&gt;</a>&nbsp;&nbsp;&nbsp;MemoryManagement_Handler
</UL>
<BR>[Called By]<UL><LI><a href="#[c]">&gt;&gt;</a>&nbsp;&nbsp;&nbsp;MemoryManagement_Handler
</UL>
<BR>[Address Reference Count : 1]<UL><LI> arm_startup_nrf52.o(RESET)
</UL>
<P><STRONG><a name="[d]"></a>BusFault_Handler</STRONG> (Thumb, 2 bytes, Stack size 0 bytes, arm_startup_nrf52.o(.text))
<BR><BR>[Calls]<UL><LI><a href="#[d]">&gt;&gt;</a>&nbsp;&nbsp;&nbsp;BusFault_Handler
</UL>
<BR>[Called By]<UL><LI><a href="#[d]">&gt;&gt;</a>&nbsp;&nbsp;&nbsp;BusFault_Handler
</UL>
<BR>[Address Reference Count : 1]<UL><LI> arm_startup_nrf52.o(RESET)
</UL>
<P><STRONG><a name="[e]"></a>UsageFault_Handler</STRONG> (Thumb, 2 bytes, Stack size 0 bytes, arm_startup_nrf52.o(.text))
<BR><BR>[Calls]<UL><LI><a href="#[e]">&gt;&gt;</a>&nbsp;&nbsp;&nbsp;UsageFault_Handler
</UL>
<BR>[Called By]<UL><LI><a href="#[e]">&gt;&gt;</a>&nbsp;&nbsp;&nbsp;UsageFault_Handler
</UL>
<BR>[Address Reference Count : 1]<UL><LI> arm_startup_nrf52.o(RESET)
</UL>
<P><STRONG><a name="[f]"></a>SVC_Handler</STRONG> (Thumb, 2 bytes, Stack size 0 bytes, arm_startup_nrf52.o(.text))
<BR><BR>[Calls]<UL><LI><a href="#[f]">&gt;&gt;</a>&nbsp;&nbsp;&nbsp;SVC_Handler
</UL>
<BR>[Called By]<UL><LI><a href="#[f]">&gt;&gt;</a>&nbsp;&nbsp;&nbsp;SVC_Handler
</UL>
<BR>[Address Reference Count : 1]<UL><LI> arm_startup_nrf52.o(RESET)
</UL>
<P><STRONG><a name="[10]"></a>DebugMon_Handler</STRONG> (Thumb, 2 bytes, Stack size 0 bytes, arm_startup_nrf52.o(.text))
<BR><BR>[Calls]<UL><LI><a href="#[10]">&gt;&gt;</a>&nbsp;&nbsp;&nbsp;DebugMon_Handler
</UL>
<BR>[Called By]<UL><LI><a href="#[10]">&gt;&gt;</a>&nbsp;&nbsp;&nbsp;DebugMon_Handler
</UL>
<BR>[Address Reference Count : 1]<UL><LI> arm_startup_nrf52.o(RESET)
</UL>
<P><STRONG><a name="[11]"></a>PendSV_Handler</STRONG> (Thumb, 2 bytes, Stack size 0 bytes, arm_startup_nrf52.o(.text))
<BR><BR>[Calls]<UL><LI><a href="#[11]">&gt;&gt;</a>&nbsp;&nbsp;&nbsp;PendSV_Handler
</UL>
<BR>[Called By]<UL><LI><a href="#[11]">&gt;&gt;</a>&nbsp;&nbsp;&nbsp;PendSV_Handler
</UL>
<BR>[Address Reference Count : 1]<UL><LI> arm_startup_nrf52.o(RESET)
</UL>
<P><STRONG><a name="[12]"></a>SysTick_Handler</STRONG> (Thumb, 2 bytes, Stack size 0 bytes, arm_startup_nrf52.o(.text))
<BR><BR>[Calls]<UL><LI><a href="#[12]">&gt;&gt;</a>&nbsp;&nbsp;&nbsp;SysTick_Handler
</UL>
<BR>[Called By]<UL><LI><a href="#[12]">&gt;&gt;</a>&nbsp;&nbsp;&nbsp;SysTick_Handler
</UL>
<BR>[Address Reference Count : 1]<UL><LI> arm_startup_nrf52.o(RESET)
</UL>
<P><STRONG><a name="[22]"></a>CCM_AAR_IRQHandler</STRONG> (Thumb, 0 bytes, Stack size 0 bytes, arm_startup_nrf52.o(.text))
<BR><BR>[Calls]<UL><LI><a href="#[22]">&gt;&gt;</a>&nbsp;&nbsp;&nbsp;CCM_AAR_IRQHandler
</UL>
<BR>[Called By]<UL><LI><a href="#[22]">&gt;&gt;</a>&nbsp;&nbsp;&nbsp;CCM_AAR_IRQHandler
</UL>
<BR>[Address Reference Count : 1]<UL><LI> arm_startup_nrf52.o(RESET)
</UL>
<P><STRONG><a name="[26]"></a>COMP_LPCOMP_IRQHandler</STRONG> (Thumb, 0 bytes, Stack size 0 bytes, arm_startup_nrf52.o(.text))
<BR>[Address Reference Count : 1]<UL><LI> arm_startup_nrf52.o(RESET)
</UL>
<P><STRONG><a name="[21]"></a>ECB_IRQHandler</STRONG> (Thumb, 0 bytes, Stack size 0 bytes, arm_startup_nrf52.o(.text))
<BR>[Address Reference Count : 1]<UL><LI> arm_startup_nrf52.o(RESET)
</UL>
<P><STRONG><a name="[37]"></a>FPU_IRQHandler</STRONG> (Thumb, 0 bytes, Stack size 0 bytes, arm_startup_nrf52.o(.text))
<BR>[Address Reference Count : 1]<UL><LI> arm_startup_nrf52.o(RESET)
</UL>
<P><STRONG><a name="[36]"></a>I2S_IRQHandler</STRONG> (Thumb, 0 bytes, Stack size 0 bytes, arm_startup_nrf52.o(.text))
<BR>[Address Reference Count : 1]<UL><LI> arm_startup_nrf52.o(RESET)
</UL>
<P><STRONG><a name="[31]"></a>MWU_IRQHandler</STRONG> (Thumb, 0 bytes, Stack size 0 bytes, arm_startup_nrf52.o(.text))
<BR>[Address Reference Count : 1]<UL><LI> arm_startup_nrf52.o(RESET)
</UL>
<P><STRONG><a name="[18]"></a>NFCT_IRQHandler</STRONG> (Thumb, 0 bytes, Stack size 0 bytes, arm_startup_nrf52.o(.text))
<BR>[Address Reference Count : 1]<UL><LI> arm_startup_nrf52.o(RESET)
</UL>
<P><STRONG><a name="[30]"></a>PDM_IRQHandler</STRONG> (Thumb, 0 bytes, Stack size 0 bytes, arm_startup_nrf52.o(.text))
<BR>[Address Reference Count : 1]<UL><LI> arm_startup_nrf52.o(RESET)
</UL>
<P><STRONG><a name="[2f]"></a>PWM0_IRQHandler</STRONG> (Thumb, 0 bytes, Stack size 0 bytes, arm_startup_nrf52.o(.text))
<BR>[Address Reference Count : 1]<UL><LI> arm_startup_nrf52.o(RESET)
</UL>
<P><STRONG><a name="[32]"></a>PWM1_IRQHandler</STRONG> (Thumb, 0 bytes, Stack size 0 bytes, arm_startup_nrf52.o(.text))
<BR>[Address Reference Count : 1]<UL><LI> arm_startup_nrf52.o(RESET)
</UL>
<P><STRONG><a name="[33]"></a>PWM2_IRQHandler</STRONG> (Thumb, 0 bytes, Stack size 0 bytes, arm_startup_nrf52.o(.text))
<BR>[Address Reference Count : 1]<UL><LI> arm_startup_nrf52.o(RESET)
</UL>
<P><STRONG><a name="[25]"></a>QDEC_IRQHandler</STRONG> (Thumb, 0 bytes, Stack size 0 bytes, arm_startup_nrf52.o(.text))
<BR>[Address Reference Count : 1]<UL><LI> arm_startup_nrf52.o(RESET)
</UL>
<P><STRONG><a name="[14]"></a>RADIO_IRQHandler</STRONG> (Thumb, 0 bytes, Stack size 0 bytes, arm_startup_nrf52.o(.text))
<BR>[Address Reference Count : 1]<UL><LI> arm_startup_nrf52.o(RESET)
</UL>
<P><STRONG><a name="[1e]"></a>RTC0_IRQHandler</STRONG> (Thumb, 0 bytes, Stack size 0 bytes, arm_startup_nrf52.o(.text))
<BR>[Address Reference Count : 1]<UL><LI> arm_startup_nrf52.o(RESET)
</UL>
<P><STRONG><a name="[35]"></a>RTC2_IRQHandler</STRONG> (Thumb, 0 bytes, Stack size 0 bytes, arm_startup_nrf52.o(.text))
<BR>[Address Reference Count : 1]<UL><LI> arm_startup_nrf52.o(RESET)
</UL>
<P><STRONG><a name="[1a]"></a>SAADC_IRQHandler</STRONG> (Thumb, 0 bytes, Stack size 0 bytes, arm_startup_nrf52.o(.text))
<BR>[Address Reference Count : 1]<UL><LI> arm_startup_nrf52.o(RESET)
</UL>
<P><STRONG><a name="[16]"></a>SPIM0_SPIS0_TWIM0_TWIS0_SPI0_TWI0_IRQHandler</STRONG> (Thumb, 0 bytes, Stack size 0 bytes, arm_startup_nrf52.o(.text))
<BR>[Address Reference Count : 1]<UL><LI> arm_startup_nrf52.o(RESET)
</UL>
<P><STRONG><a name="[17]"></a>SPIM1_SPIS1_TWIM1_TWIS1_SPI1_TWI1_IRQHandler</STRONG> (Thumb, 0 bytes, Stack size 0 bytes, arm_startup_nrf52.o(.text))
<BR>[Address Reference Count : 1]<UL><LI> arm_startup_nrf52.o(RESET)
</UL>
<P><STRONG><a name="[34]"></a>SPIM2_SPIS2_SPI2_IRQHandler</STRONG> (Thumb, 0 bytes, Stack size 0 bytes, arm_startup_nrf52.o(.text))
<BR>[Address Reference Count : 1]<UL><LI> arm_startup_nrf52.o(RESET)
</UL>
<P><STRONG><a name="[28]"></a>SWI1_EGU1_IRQHandler</STRONG> (Thumb, 0 bytes, Stack size 0 bytes, arm_startup_nrf52.o(.text))
<BR>[Address Reference Count : 1]<UL><LI> arm_startup_nrf52.o(RESET)
</UL>
<P><STRONG><a name="[2a]"></a>SWI3_EGU3_IRQHandler</STRONG> (Thumb, 0 bytes, Stack size 0 bytes, arm_startup_nrf52.o(.text))
<BR>[Address Reference Count : 1]<UL><LI> arm_startup_nrf52.o(RESET)
</UL>
<P><STRONG><a name="[2b]"></a>SWI4_EGU4_IRQHandler</STRONG> (Thumb, 0 bytes, Stack size 0 bytes, arm_startup_nrf52.o(.text))
<BR>[Address Reference Count : 1]<UL><LI> arm_startup_nrf52.o(RESET)
</UL>
<P><STRONG><a name="[2c]"></a>SWI5_EGU5_IRQHandler</STRONG> (Thumb, 0 bytes, Stack size 0 bytes, arm_startup_nrf52.o(.text))
<BR>[Address Reference Count : 1]<UL><LI> arm_startup_nrf52.o(RESET)
</UL>
<P><STRONG><a name="[1f]"></a>TEMP_IRQHandler</STRONG> (Thumb, 0 bytes, Stack size 0 bytes, arm_startup_nrf52.o(.text))
<BR>[Address Reference Count : 1]<UL><LI> arm_startup_nrf52.o(RESET)
</UL>
<P><STRONG><a name="[1b]"></a>TIMER0_IRQHandler</STRONG> (Thumb, 0 bytes, Stack size 0 bytes, arm_startup_nrf52.o(.text))
<BR>[Address Reference Count : 1]<UL><LI> arm_startup_nrf52.o(RESET)
</UL>
<P><STRONG><a name="[1c]"></a>TIMER1_IRQHandler</STRONG> (Thumb, 0 bytes, Stack size 0 bytes, arm_startup_nrf52.o(.text))
<BR>[Address Reference Count : 1]<UL><LI> arm_startup_nrf52.o(RESET)
</UL>
<P><STRONG><a name="[1d]"></a>TIMER2_IRQHandler</STRONG> (Thumb, 0 bytes, Stack size 0 bytes, arm_startup_nrf52.o(.text))
<BR>[Address Reference Count : 1]<UL><LI> arm_startup_nrf52.o(RESET)
</UL>
<P><STRONG><a name="[2d]"></a>TIMER3_IRQHandler</STRONG> (Thumb, 0 bytes, Stack size 0 bytes, arm_startup_nrf52.o(.text))
<BR>[Address Reference Count : 1]<UL><LI> arm_startup_nrf52.o(RESET)
</UL>
<P><STRONG><a name="[2e]"></a>TIMER4_IRQHandler</STRONG> (Thumb, 0 bytes, Stack size 0 bytes, arm_startup_nrf52.o(.text))
<BR>[Address Reference Count : 1]<UL><LI> arm_startup_nrf52.o(RESET)
</UL>
<P><STRONG><a name="[23]"></a>WDT_IRQHandler</STRONG> (Thumb, 0 bytes, Stack size 0 bytes, arm_startup_nrf52.o(.text))
<BR>[Address Reference Count : 1]<UL><LI> arm_startup_nrf52.o(RESET)
</UL>
<P><STRONG><a name="[368]"></a>ocrypto_bigint_add128</STRONG> (Thumb, 0 bytes, Stack size unknown bytes, ocrypto_bigint256.s.obj(.text), UNUSED)

<P><STRONG><a name="[369]"></a>ocrypto_bigint_sub128</STRONG> (Thumb, 0 bytes, Stack size unknown bytes, ocrypto_bigint256.s.obj(.text), UNUSED)

<P><STRONG><a name="[36a]"></a>ocrypto_bigint_add256</STRONG> (Thumb, 0 bytes, Stack size unknown bytes, ocrypto_bigint256.s.obj(.text), UNUSED)

<P><STRONG><a name="[a6]"></a>ocrypto_bigint_sub256</STRONG> (Thumb, 0 bytes, Stack size unknown bytes, ocrypto_bigint256.s.obj(.text))
<BR><BR>[Called By]<UL><LI><a href="#[b3]">&gt;&gt;</a>&nbsp;&nbsp;&nbsp;ocrypto_curve_p256_scalarmult
<LI><a href="#[c0]">&gt;&gt;</a>&nbsp;&nbsp;&nbsp;ocrypto_sc_p256_from32bytes
<LI><a href="#[a4]">&gt;&gt;</a>&nbsp;&nbsp;&nbsp;m_reduction_step
</UL>

<P><STRONG><a name="[a3]"></a>ocrypto_bigint_cadd256</STRONG> (Thumb, 0 bytes, Stack size unknown bytes, ocrypto_bigint256.s.obj(.text))
<BR><BR>[Called By]<UL><LI><a href="#[9c]">&gt;&gt;</a>&nbsp;&nbsp;&nbsp;get_entry.constprop.0
<LI><a href="#[97]">&gt;&gt;</a>&nbsp;&nbsp;&nbsp;get_entry
<LI><a href="#[b3]">&gt;&gt;</a>&nbsp;&nbsp;&nbsp;ocrypto_curve_p256_scalarmult
<LI><a href="#[c0]">&gt;&gt;</a>&nbsp;&nbsp;&nbsp;ocrypto_sc_p256_from32bytes
<LI><a href="#[a4]">&gt;&gt;</a>&nbsp;&nbsp;&nbsp;m_reduction_step
</UL>

<P><STRONG><a name="[36b]"></a>ocrypto_bigint_csub256</STRONG> (Thumb, 0 bytes, Stack size unknown bytes, ocrypto_bigint256.s.obj(.text), UNUSED)

<P><STRONG><a name="[8d]"></a>ocrypto_bigint_cswap256</STRONG> (Thumb, 0 bytes, Stack size unknown bytes, ocrypto_bigint256.s.obj(.text))
<BR><BR>[Calls]<UL><LI><a href="#[8e]">&gt;&gt;</a>&nbsp;&nbsp;&nbsp;cswap64
</UL>
<BR>[Called By]<UL><LI><a href="#[a7]">&gt;&gt;</a>&nbsp;&nbsp;&nbsp;ocrypto_curve25519_scalarmult
<LI><a href="#[99]">&gt;&gt;</a>&nbsp;&nbsp;&nbsp;mixaddsub_p1p1
<LI><a href="#[b5]">&gt;&gt;</a>&nbsp;&nbsp;&nbsp;ocrypto_mod_p256_cneg
<LI><a href="#[b3]">&gt;&gt;</a>&nbsp;&nbsp;&nbsp;ocrypto_curve_p256_scalarmult
</UL>

<P><STRONG><a name="[a5]"></a>ocrypto_bigint_mul128</STRONG> (Thumb, 0 bytes, Stack size unknown bytes, ocrypto_bigint256.s.obj(.text))
<BR><BR>[Called By]<UL><LI><a href="#[a4]">&gt;&gt;</a>&nbsp;&nbsp;&nbsp;m_reduction_step
</UL>

<P><STRONG><a name="[36c]"></a>ocrypto_bigint_sqr256</STRONG> (Thumb, 0 bytes, Stack size unknown bytes, ocrypto_bigint256.s.obj(.text), UNUSED)

<P><STRONG><a name="[36d]"></a>ocrypto_bigint_mul256</STRONG> (Thumb, 0 bytes, Stack size unknown bytes, ocrypto_bigint256.s.obj(.text), UNUSED)

<P><STRONG><a name="[b2]"></a>ocrypto_constant_time_equal</STRONG> (Thumb, 0 bytes, Stack size unknown bytes, ocrypto_constant_time.s.obj(.text))
<BR><BR>[Called By]<UL><LI><a href="#[ad]">&gt;&gt;</a>&nbsp;&nbsp;&nbsp;ocrypto_curve_p256_from64bytes
</UL>

<P><STRONG><a name="[ba]"></a>ocrypto_constant_time_is_zero</STRONG> (Thumb, 0 bytes, Stack size unknown bytes, ocrypto_constant_time.s.obj(.text))
<BR><BR>[Called By]<UL><LI><a href="#[b3]">&gt;&gt;</a>&nbsp;&nbsp;&nbsp;ocrypto_curve_p256_scalarmult
</UL>

<P><STRONG><a name="[8f]"></a>ocrypto_constant_time_copy</STRONG> (Thumb, 0 bytes, Stack size unknown bytes, ocrypto_constant_time.s.obj(.text))
<BR><BR>[Calls]<UL><LI><a href="#[8f]">&gt;&gt;</a>&nbsp;&nbsp;&nbsp;ocrypto_constant_time_copy
</UL>
<BR>[Called By]<UL><LI><a href="#[a7]">&gt;&gt;</a>&nbsp;&nbsp;&nbsp;ocrypto_curve25519_scalarmult
<LI><a href="#[b5]">&gt;&gt;</a>&nbsp;&nbsp;&nbsp;ocrypto_mod_p256_cneg
<LI><a href="#[8f]">&gt;&gt;</a>&nbsp;&nbsp;&nbsp;ocrypto_constant_time_copy
</UL>

<P><STRONG><a name="[ca]"></a>ocrypto_constant_time_fill_zero</STRONG> (Thumb, 0 bytes, Stack size unknown bytes, ocrypto_constant_time.s.obj(.text))
<BR><BR>[Called By]<UL><LI><a href="#[b5]">&gt;&gt;</a>&nbsp;&nbsp;&nbsp;ocrypto_mod_p256_cneg
</UL>

<P><STRONG><a name="[b0]"></a>ocrypto_mod_p256_add</STRONG> (Thumb, 0 bytes, Stack size unknown bytes, ocrypto_mod_p256_base.s.obj(.text))
<BR><BR>[Called By]<UL><LI><a href="#[b7]">&gt;&gt;</a>&nbsp;&nbsp;&nbsp;p256_zaddc
<LI><a href="#[b4]">&gt;&gt;</a>&nbsp;&nbsp;&nbsp;p256_zdblu
<LI><a href="#[ad]">&gt;&gt;</a>&nbsp;&nbsp;&nbsp;ocrypto_curve_p256_from64bytes
</UL>

<P><STRONG><a name="[b9]"></a>ocrypto_mod_p256_sub</STRONG> (Thumb, 0 bytes, Stack size unknown bytes, ocrypto_mod_p256_base.s.obj(.text))
<BR><BR>[Called By]<UL><LI><a href="#[b5]">&gt;&gt;</a>&nbsp;&nbsp;&nbsp;ocrypto_mod_p256_cneg
<LI><a href="#[b6]">&gt;&gt;</a>&nbsp;&nbsp;&nbsp;p256_zaddu
<LI><a href="#[b7]">&gt;&gt;</a>&nbsp;&nbsp;&nbsp;p256_zaddc
<LI><a href="#[b4]">&gt;&gt;</a>&nbsp;&nbsp;&nbsp;p256_zdblu
<LI><a href="#[b3]">&gt;&gt;</a>&nbsp;&nbsp;&nbsp;ocrypto_curve_p256_scalarmult
</UL>

<P><STRONG><a name="[af]"></a>ocrypto_mod_p256_square</STRONG> (Thumb, 0 bytes, Stack size unknown bytes, ocrypto_mod_p256_base.s.obj(.text))
<BR><BR>[Called By]<UL><LI><a href="#[b6]">&gt;&gt;</a>&nbsp;&nbsp;&nbsp;p256_zaddu
<LI><a href="#[b7]">&gt;&gt;</a>&nbsp;&nbsp;&nbsp;p256_zaddc
<LI><a href="#[b4]">&gt;&gt;</a>&nbsp;&nbsp;&nbsp;p256_zdblu
<LI><a href="#[b8]">&gt;&gt;</a>&nbsp;&nbsp;&nbsp;ocrypto_mod_p256_invert
<LI><a href="#[b3]">&gt;&gt;</a>&nbsp;&nbsp;&nbsp;ocrypto_curve_p256_scalarmult
<LI><a href="#[ad]">&gt;&gt;</a>&nbsp;&nbsp;&nbsp;ocrypto_curve_p256_from64bytes
</UL>

<P><STRONG><a name="[b1]"></a>ocrypto_mod_p256_mul</STRONG> (Thumb, 0 bytes, Stack size unknown bytes, ocrypto_mod_p256_base.s.obj(.text))
<BR><BR>[Called By]<UL><LI><a href="#[b6]">&gt;&gt;</a>&nbsp;&nbsp;&nbsp;p256_zaddu
<LI><a href="#[b7]">&gt;&gt;</a>&nbsp;&nbsp;&nbsp;p256_zaddc
<LI><a href="#[b4]">&gt;&gt;</a>&nbsp;&nbsp;&nbsp;p256_zdblu
<LI><a href="#[b8]">&gt;&gt;</a>&nbsp;&nbsp;&nbsp;ocrypto_mod_p256_invert
<LI><a href="#[b3]">&gt;&gt;</a>&nbsp;&nbsp;&nbsp;ocrypto_curve_p256_scalarmult
<LI><a href="#[ad]">&gt;&gt;</a>&nbsp;&nbsp;&nbsp;ocrypto_curve_p256_from64bytes
</UL>

<P><STRONG><a name="[9f]"></a>ocrypto_mod25519_add</STRONG> (Thumb, 0 bytes, Stack size unknown bytes, ocrypto_mod25519_base.s.obj(.text))
<BR><BR>[Called By]<UL><LI><a href="#[a7]">&gt;&gt;</a>&nbsp;&nbsp;&nbsp;ocrypto_curve25519_scalarmult
<LI><a href="#[9d]">&gt;&gt;</a>&nbsp;&nbsp;&nbsp;dbl_p1p1
<LI><a href="#[99]">&gt;&gt;</a>&nbsp;&nbsp;&nbsp;mixaddsub_p1p1
</UL>

<P><STRONG><a name="[a1]"></a>ocrypto_mod25519_sub</STRONG> (Thumb, 0 bytes, Stack size unknown bytes, ocrypto_mod25519_base.s.obj(.text))
<BR><BR>[Called By]<UL><LI><a href="#[a7]">&gt;&gt;</a>&nbsp;&nbsp;&nbsp;ocrypto_curve25519_scalarmult
<LI><a href="#[9d]">&gt;&gt;</a>&nbsp;&nbsp;&nbsp;dbl_p1p1
<LI><a href="#[99]">&gt;&gt;</a>&nbsp;&nbsp;&nbsp;mixaddsub_p1p1
<LI><a href="#[a0]">&gt;&gt;</a>&nbsp;&nbsp;&nbsp;ocrypto_mod25519_neg
</UL>

<P><STRONG><a name="[9e]"></a>ocrypto_mod25519_square</STRONG> (Thumb, 0 bytes, Stack size unknown bytes, ocrypto_mod25519_base.s.obj(.text))
<BR><BR>[Called By]<UL><LI><a href="#[a7]">&gt;&gt;</a>&nbsp;&nbsp;&nbsp;ocrypto_curve25519_scalarmult
<LI><a href="#[9d]">&gt;&gt;</a>&nbsp;&nbsp;&nbsp;dbl_p1p1
<LI><a href="#[aa]">&gt;&gt;</a>&nbsp;&nbsp;&nbsp;ocrypto_mod25519_power
</UL>

<P><STRONG><a name="[98]"></a>ocrypto_mod25519_mul</STRONG> (Thumb, 0 bytes, Stack size unknown bytes, ocrypto_mod25519_base.s.obj(.text))
<BR><BR>[Called By]<UL><LI><a href="#[a7]">&gt;&gt;</a>&nbsp;&nbsp;&nbsp;ocrypto_curve25519_scalarmult
<LI><a href="#[9b]">&gt;&gt;</a>&nbsp;&nbsp;&nbsp;add_entry.constprop.2
<LI><a href="#[9a]">&gt;&gt;</a>&nbsp;&nbsp;&nbsp;add_entry.constprop.1
<LI><a href="#[96]">&gt;&gt;</a>&nbsp;&nbsp;&nbsp;add_entry.constprop.0
<LI><a href="#[99]">&gt;&gt;</a>&nbsp;&nbsp;&nbsp;mixaddsub_p1p1
<LI><a href="#[c6]">&gt;&gt;</a>&nbsp;&nbsp;&nbsp;ocrypto_ge25519_pack
<LI><a href="#[c5]">&gt;&gt;</a>&nbsp;&nbsp;&nbsp;ocrypto_ge25519_scalarmult_base
<LI><a href="#[aa]">&gt;&gt;</a>&nbsp;&nbsp;&nbsp;ocrypto_mod25519_power
</UL>

<P><STRONG><a name="[a9]"></a>ocrypto_mod25519_mul121666</STRONG> (Thumb, 0 bytes, Stack size unknown bytes, ocrypto_mod25519_base.s.obj(.text))
<BR><BR>[Called By]<UL><LI><a href="#[a7]">&gt;&gt;</a>&nbsp;&nbsp;&nbsp;ocrypto_curve25519_scalarmult
</UL>

<P><STRONG><a name="[c9]"></a>ocrypto_mod25519_freeze</STRONG> (Thumb, 0 bytes, Stack size unknown bytes, ocrypto_mod25519_base.s.obj(.text))
<BR><BR>[Called By]<UL><LI><a href="#[ab]">&gt;&gt;</a>&nbsp;&nbsp;&nbsp;ocrypto_mod25519_toBytes
<LI><a href="#[c7]">&gt;&gt;</a>&nbsp;&nbsp;&nbsp;ocrypto_mod25519_getsign
</UL>

<P><STRONG><a name="[90]"></a>__aeabi_uldivmod</STRONG> (Thumb, 98 bytes, Stack size 40 bytes, uldiv.o(.text))
<BR><BR>[Stack]<UL><LI>Max Depth = 40<LI>Call Chain = __aeabi_uldivmod
</UL>
<BR>[Calls]<UL><LI><a href="#[92]">&gt;&gt;</a>&nbsp;&nbsp;&nbsp;__aeabi_llsl
<LI><a href="#[91]">&gt;&gt;</a>&nbsp;&nbsp;&nbsp;__aeabi_llsr
</UL>
<BR>[Called By]<UL><LI><a href="#[189]">&gt;&gt;</a>&nbsp;&nbsp;&nbsp;bsp_led_indication
<LI><a href="#[11c]">&gt;&gt;</a>&nbsp;&nbsp;&nbsp;ast_auth_error_notify
</UL>

<P><STRONG><a name="[92]"></a>__aeabi_llsl</STRONG> (Thumb, 30 bytes, Stack size 0 bytes, llshl.o(.text))
<BR><BR>[Called By]<UL><LI><a href="#[90]">&gt;&gt;</a>&nbsp;&nbsp;&nbsp;__aeabi_uldivmod
</UL>

<P><STRONG><a name="[36e]"></a>_ll_shift_l</STRONG> (Thumb, 0 bytes, Stack size 0 bytes, llshl.o(.text), UNUSED)

<P><STRONG><a name="[2c5]"></a>__rt_ctype_table</STRONG> (Thumb, 4 bytes, Stack size 0 bytes, ctype_o.o(.text))
<BR><BR>[Called By]<UL><LI><a href="#[2bd]">&gt;&gt;</a>&nbsp;&nbsp;&nbsp;nrf_log_hexdump_entry_process
</UL>

<P><STRONG><a name="[36f]"></a>____aeabi_memcpy8$ret$move</STRONG> (Thumb, 0 bytes, Stack size 8 bytes, memmove.o(.text), UNUSED)

<P><STRONG><a name="[370]"></a>___aeabi_memmove4$ret</STRONG> (Thumb, 0 bytes, Stack size 8 bytes, memmove.o(.text), UNUSED)

<P><STRONG><a name="[371]"></a>___aeabi_memmove8$ret</STRONG> (Thumb, 0 bytes, Stack size 8 bytes, memmove.o(.text), UNUSED)

<P><STRONG><a name="[eb]"></a>__aeabi_memcpy</STRONG> (Thumb, 66 bytes, Stack size 8 bytes, memmove.o(.text))
<BR><BR>[Stack]<UL><LI>Max Depth = 8<LI>Call Chain = __aeabi_memcpy
</UL>
<BR>[Called By]<UL><LI><a href="#[13f]">&gt;&gt;</a>&nbsp;&nbsp;&nbsp;service_data_encode
<LI><a href="#[13e]">&gt;&gt;</a>&nbsp;&nbsp;&nbsp;manuf_specific_data_encode
<LI><a href="#[193]">&gt;&gt;</a>&nbsp;&nbsp;&nbsp;pds_peer_data_read
<LI><a href="#[2d0]">&gt;&gt;</a>&nbsp;&nbsp;&nbsp;nrf_queue_push
<LI><a href="#[2d2]">&gt;&gt;</a>&nbsp;&nbsp;&nbsp;queue_read
<LI><a href="#[25d]">&gt;&gt;</a>&nbsp;&nbsp;&nbsp;memobj_op
<LI><a href="#[5f]">&gt;&gt;</a>&nbsp;&nbsp;&nbsp;read
<LI><a href="#[6c]">&gt;&gt;</a>&nbsp;&nbsp;&nbsp;nrf_crypto_backend_ed25519_private_key_from_raw
<LI><a href="#[25b]">&gt;&gt;</a>&nbsp;&nbsp;&nbsp;mbedtls_ctr_drbg_reseed
<LI><a href="#[de]">&gt;&gt;</a>&nbsp;&nbsp;&nbsp;_WriteNoCheck
<LI><a href="#[df]">&gt;&gt;</a>&nbsp;&nbsp;&nbsp;_WriteBlocking
<LI><a href="#[25a]">&gt;&gt;</a>&nbsp;&nbsp;&nbsp;mbedtls_ctr_drbg_random_with_add
<LI><a href="#[17d]">&gt;&gt;</a>&nbsp;&nbsp;&nbsp;block_cipher_df
</UL>

<P><STRONG><a name="[144]"></a>__aeabi_memcpy4</STRONG> (Thumb, 0 bytes, Stack size 8 bytes, memmove.o(.text))
<BR><BR>[Stack]<UL><LI>Max Depth = 8<LI>Call Chain = __aeabi_memcpy4
</UL>
<BR>[Called By]<UL><LI><a href="#[27e]">&gt;&gt;</a>&nbsp;&nbsp;&nbsp;on_data_length_update_evt
<LI><a href="#[1a2]">&gt;&gt;</a>&nbsp;&nbsp;&nbsp;conn_handle_list_get
<LI><a href="#[169]">&gt;&gt;</a>&nbsp;&nbsp;&nbsp;record_purge_disconnected
<LI><a href="#[150]">&gt;&gt;</a>&nbsp;&nbsp;&nbsp;ble_conn_params_init
<LI><a href="#[fb]">&gt;&gt;</a>&nbsp;&nbsp;&nbsp;ble_advertising_init
<LI><a href="#[30a]">&gt;&gt;</a>&nbsp;&nbsp;&nbsp;send_unexpected_error
<LI><a href="#[16d]">&gt;&gt;</a>&nbsp;&nbsp;&nbsp;im_ble_evt_handler
<LI><a href="#[16f]">&gt;&gt;</a>&nbsp;&nbsp;&nbsp;gcm_ble_evt_handler
<LI><a href="#[33b]">&gt;&gt;</a>&nbsp;&nbsp;&nbsp;service_changed_send_in_evt
<LI><a href="#[247]">&gt;&gt;</a>&nbsp;&nbsp;&nbsp;send_unexpected_error
<LI><a href="#[1b0]">&gt;&gt;</a>&nbsp;&nbsp;&nbsp;local_db_update_in_evt
<LI><a href="#[317]">&gt;&gt;</a>&nbsp;&nbsp;&nbsp;pm_handler_flash_clean_on_return
<LI><a href="#[1be]">&gt;&gt;</a>&nbsp;&nbsp;&nbsp;new_evt
<LI><a href="#[129]">&gt;&gt;</a>&nbsp;&nbsp;&nbsp;send_unexpected_error
<LI><a href="#[130]">&gt;&gt;</a>&nbsp;&nbsp;&nbsp;send_storage_full_evt
<LI><a href="#[343]">&gt;&gt;</a>&nbsp;&nbsp;&nbsp;send_params_req
<LI><a href="#[344]">&gt;&gt;</a>&nbsp;&nbsp;&nbsp;sec_start_send
<LI><a href="#[1a7]">&gt;&gt;</a>&nbsp;&nbsp;&nbsp;conn_sec_failure
<LI><a href="#[6a]">&gt;&gt;</a>&nbsp;&nbsp;&nbsp;nrf_crypto_backend_ed25519_public_key_calculate
<LI><a href="#[67]">&gt;&gt;</a>&nbsp;&nbsp;&nbsp;nrf_crypto_backend_ed25519_key_pair_generate
</UL>

<P><STRONG><a name="[222]"></a>__aeabi_memmove</STRONG> (Thumb, 0 bytes, Stack size 8 bytes, memmove.o(.text))
<BR><BR>[Stack]<UL><LI>Max Depth = 8<LI>Call Chain = __aeabi_memmove
</UL>
<BR>[Called By]<UL><LI><a href="#[171]">&gt;&gt;</a>&nbsp;&nbsp;&nbsp;hrm_encode
</UL>

<P><STRONG><a name="[72]"></a>memcpy</STRONG> (Thumb, 0 bytes, Stack size 8 bytes, memmove.o(.text))
<BR><BR>[Stack]<UL><LI>Max Depth = 8<LI>Call Chain = memcpy
</UL>
<BR>[Address Reference Count : 1]<UL><LI> oberon_backend_ecc.o(.constdata)
</UL>
<P><STRONG><a name="[372]"></a>memmove</STRONG> (Thumb, 0 bytes, Stack size 8 bytes, memmove.o(.text), UNUSED)

<P><STRONG><a name="[94]"></a>__aeabi_memset</STRONG> (Thumb, 14 bytes, Stack size 0 bytes, memseta.o(.text))
<BR><BR>[Called By]<UL><LI><a href="#[7]">&gt;&gt;</a>&nbsp;&nbsp;&nbsp;memset
<LI><a href="#[93]">&gt;&gt;</a>&nbsp;&nbsp;&nbsp;__aeabi_memclr
</UL>

<P><STRONG><a name="[373]"></a>__aeabi_memset4</STRONG> (Thumb, 0 bytes, Stack size 0 bytes, memseta.o(.text), UNUSED)

<P><STRONG><a name="[374]"></a>__aeabi_memset8</STRONG> (Thumb, 0 bytes, Stack size 0 bytes, memseta.o(.text), UNUSED)

<P><STRONG><a name="[93]"></a>__aeabi_memclr</STRONG> (Thumb, 4 bytes, Stack size 0 bytes, memseta.o(.text))
<BR><BR>[Calls]<UL><LI><a href="#[94]">&gt;&gt;</a>&nbsp;&nbsp;&nbsp;__aeabi_memset
</UL>
<BR>[Called By]<UL><LI><a href="#[1e2]">&gt;&gt;</a>&nbsp;&nbsp;&nbsp;fds_stat
<LI><a href="#[341]">&gt;&gt;</a>&nbsp;&nbsp;&nbsp;sec_keyset_fill
<LI><a href="#[212]">&gt;&gt;</a>&nbsp;&nbsp;&nbsp;generate_in_range
</UL>

<P><STRONG><a name="[fa]"></a>__aeabi_memclr4</STRONG> (Thumb, 0 bytes, Stack size 0 bytes, memseta.o(.text))
<BR><BR>[Called By]<UL><LI><a href="#[136]">&gt;&gt;</a>&nbsp;&nbsp;&nbsp;descriptor_add
<LI><a href="#[134]">&gt;&gt;</a>&nbsp;&nbsp;&nbsp;characteristic_add
<LI><a href="#[1b2]">&gt;&gt;</a>&nbsp;&nbsp;&nbsp;pm_peers_delete
<LI><a href="#[170]">&gt;&gt;</a>&nbsp;&nbsp;&nbsp;ble_hrs_init
<LI><a href="#[ff]">&gt;&gt;</a>&nbsp;&nbsp;&nbsp;ble_advertising_start
<LI><a href="#[251]">&gt;&gt;</a>&nbsp;&nbsp;&nbsp;services_init
<LI><a href="#[1a4]">&gt;&gt;</a>&nbsp;&nbsp;&nbsp;conn_params_init
<LI><a href="#[f9]">&gt;&gt;</a>&nbsp;&nbsp;&nbsp;advertising_init
<LI><a href="#[47]">&gt;&gt;</a>&nbsp;&nbsp;&nbsp;fds_evt_handler
<LI><a href="#[100]">&gt;&gt;</a>&nbsp;&nbsp;&nbsp;ah
<LI><a href="#[21c]">&gt;&gt;</a>&nbsp;&nbsp;&nbsp;service_changed_pending_set
<LI><a href="#[11b]">&gt;&gt;</a>&nbsp;&nbsp;&nbsp;local_db_apply_in_evt
<LI><a href="#[318]">&gt;&gt;</a>&nbsp;&nbsp;&nbsp;rank_highest
<LI><a href="#[316]">&gt;&gt;</a>&nbsp;&nbsp;&nbsp;pm_peer_rank_highest
<LI><a href="#[237]">&gt;&gt;</a>&nbsp;&nbsp;&nbsp;internal_state_reset
<LI><a href="#[57]">&gt;&gt;</a>&nbsp;&nbsp;&nbsp;pm_pdb_evt_handler
<LI><a href="#[1d1]">&gt;&gt;</a>&nbsp;&nbsp;&nbsp;fds_init
<LI><a href="#[15f]">&gt;&gt;</a>&nbsp;&nbsp;&nbsp;char_add
<LI><a href="#[133]">&gt;&gt;</a>&nbsp;&nbsp;&nbsp;battery_level_char_add
<LI><a href="#[280]">&gt;&gt;</a>&nbsp;&nbsp;&nbsp;nrf_ble_lesc_init
<LI><a href="#[1be]">&gt;&gt;</a>&nbsp;&nbsp;&nbsp;new_evt
<LI><a href="#[34e]">&gt;&gt;</a>&nbsp;&nbsp;&nbsp;smd_params_reply
<LI><a href="#[12d]">&gt;&gt;</a>&nbsp;&nbsp;&nbsp;send_config_req
<LI><a href="#[1ee]">&gt;&gt;</a>&nbsp;&nbsp;&nbsp;queue_process
<LI><a href="#[1cd]">&gt;&gt;</a>&nbsp;&nbsp;&nbsp;queue_buf_get
<LI><a href="#[60]">&gt;&gt;</a>&nbsp;&nbsp;&nbsp;write
<LI><a href="#[5e]">&gt;&gt;</a>&nbsp;&nbsp;&nbsp;uninit
<LI><a href="#[1bc]">&gt;&gt;</a>&nbsp;&nbsp;&nbsp;event_send
<LI><a href="#[61]">&gt;&gt;</a>&nbsp;&nbsp;&nbsp;erase
<LI><a href="#[25c]">&gt;&gt;</a>&nbsp;&nbsp;&nbsp;mbedtls_ctr_drbg_seed
<LI><a href="#[25b]">&gt;&gt;</a>&nbsp;&nbsp;&nbsp;mbedtls_ctr_drbg_reseed
<LI><a href="#[258]">&gt;&gt;</a>&nbsp;&nbsp;&nbsp;mbedtls_ctr_drbg_init
<LI><a href="#[17e]">&gt;&gt;</a>&nbsp;&nbsp;&nbsp;mbedtls_aes_init
<LI><a href="#[2b9]">&gt;&gt;</a>&nbsp;&nbsp;&nbsp;nrf_log_backend_serial_put
<LI><a href="#[25a]">&gt;&gt;</a>&nbsp;&nbsp;&nbsp;mbedtls_ctr_drbg_random_with_add
<LI><a href="#[1ad]">&gt;&gt;</a>&nbsp;&nbsp;&nbsp;ctr_drbg_update_internal
<LI><a href="#[17d]">&gt;&gt;</a>&nbsp;&nbsp;&nbsp;block_cipher_df
</UL>

<P><STRONG><a name="[375]"></a>__aeabi_memclr8</STRONG> (Thumb, 0 bytes, Stack size 0 bytes, memseta.o(.text), UNUSED)

<P><STRONG><a name="[7]"></a>memset</STRONG> (Thumb, 18 bytes, Stack size 8 bytes, memseta.o(.text))
<BR><BR>[Stack]<UL><LI>Max Depth = 8<LI>Call Chain = memset
</UL>
<BR>[Calls]<UL><LI><a href="#[94]">&gt;&gt;</a>&nbsp;&nbsp;&nbsp;__aeabi_memset
</UL>
<BR>[Address Reference Count : 1]<UL><LI> platform_util.o(.data)
</UL>
<P><STRONG><a name="[176]"></a>strlen</STRONG> (Thumb, 14 bytes, Stack size 0 bytes, strlen.o(.text))
<BR><BR>[Called By]<UL><LI><a href="#[175]">&gt;&gt;</a>&nbsp;&nbsp;&nbsp;ble_srv_ascii_to_utf8
<LI><a href="#[2ac]">&gt;&gt;</a>&nbsp;&nbsp;&nbsp;string_print
</UL>

<P><STRONG><a name="[f4]"></a>memcmp</STRONG> (Thumb, 26 bytes, Stack size 12 bytes, memcmp.o(.text))
<BR><BR>[Stack]<UL><LI>Max Depth = 12<LI>Call Chain = memcmp
</UL>
<BR>[Called By]<UL><LI><a href="#[22c]">&gt;&gt;</a>&nbsp;&nbsp;&nbsp;im_master_ids_compare
<LI><a href="#[22a]">&gt;&gt;</a>&nbsp;&nbsp;&nbsp;im_is_duplicate_bonding_data
<LI><a href="#[226]">&gt;&gt;</a>&nbsp;&nbsp;&nbsp;im_address_resolve
<LI><a href="#[f3]">&gt;&gt;</a>&nbsp;&nbsp;&nbsp;addr_compare
<LI><a href="#[121]">&gt;&gt;</a>&nbsp;&nbsp;&nbsp;ast_peer_blacklisted
<LI><a href="#[11c]">&gt;&gt;</a>&nbsp;&nbsp;&nbsp;ast_auth_error_notify
</UL>

<P><STRONG><a name="[ea]"></a>strcpy</STRONG> (Thumb, 18 bytes, Stack size 0 bytes, strcpy.o(.text))
<BR><BR>[Called By]<UL><LI><a href="#[db]">&gt;&gt;</a>&nbsp;&nbsp;&nbsp;_DoInit
</UL>

<P><STRONG><a name="[91]"></a>__aeabi_llsr</STRONG> (Thumb, 32 bytes, Stack size 0 bytes, llushr.o(.text))
<BR><BR>[Called By]<UL><LI><a href="#[90]">&gt;&gt;</a>&nbsp;&nbsp;&nbsp;__aeabi_uldivmod
</UL>

<P><STRONG><a name="[376]"></a>_ll_ushift_r</STRONG> (Thumb, 0 bytes, Stack size 0 bytes, llushr.o(.text), UNUSED)

<P><STRONG><a name="[8a]"></a>__scatterload</STRONG> (Thumb, 28 bytes, Stack size 0 bytes, init.o(.text))
<BR><BR>[Calls]<UL><LI><a href="#[95]">&gt;&gt;</a>&nbsp;&nbsp;&nbsp;__main_after_scatterload
</UL>
<BR>[Called By]<UL><LI><a href="#[89]">&gt;&gt;</a>&nbsp;&nbsp;&nbsp;_main_scatterload
</UL>

<P><STRONG><a name="[377]"></a>__scatterload_rt2</STRONG> (Thumb, 0 bytes, Stack size 0 bytes, init.o(.text), UNUSED)

<P><STRONG><a name="[378]"></a>__decompress</STRONG> (Thumb, 0 bytes, Stack size unknown bytes, __dczerorl2.o(.text), UNUSED)

<P><STRONG><a name="[379]"></a>__decompress1</STRONG> (Thumb, 86 bytes, Stack size unknown bytes, __dczerorl2.o(.text), UNUSED)

<P><STRONG><a name="[a7]"></a>ocrypto_curve25519_scalarmult</STRONG> (Thumb, 422 bytes, Stack size unknown bytes, ocrypto_curve25519.c.obj(.text.ocrypto_curve25519_scalarmult))
<BR><BR>[Calls]<UL><LI><a href="#[ab]">&gt;&gt;</a>&nbsp;&nbsp;&nbsp;ocrypto_mod25519_toBytes
<LI><a href="#[aa]">&gt;&gt;</a>&nbsp;&nbsp;&nbsp;ocrypto_mod25519_power
<LI><a href="#[a9]">&gt;&gt;</a>&nbsp;&nbsp;&nbsp;ocrypto_mod25519_mul121666
<LI><a href="#[9e]">&gt;&gt;</a>&nbsp;&nbsp;&nbsp;ocrypto_mod25519_square
<LI><a href="#[98]">&gt;&gt;</a>&nbsp;&nbsp;&nbsp;ocrypto_mod25519_mul
<LI><a href="#[a1]">&gt;&gt;</a>&nbsp;&nbsp;&nbsp;ocrypto_mod25519_sub
<LI><a href="#[9f]">&gt;&gt;</a>&nbsp;&nbsp;&nbsp;ocrypto_mod25519_add
<LI><a href="#[8d]">&gt;&gt;</a>&nbsp;&nbsp;&nbsp;ocrypto_bigint_cswap256
<LI><a href="#[a2]">&gt;&gt;</a>&nbsp;&nbsp;&nbsp;ocrypto_mod25519_init
<LI><a href="#[8f]">&gt;&gt;</a>&nbsp;&nbsp;&nbsp;ocrypto_constant_time_copy
<LI><a href="#[a8]">&gt;&gt;</a>&nbsp;&nbsp;&nbsp;ocrypto_mod25519_fromBytes
</UL>
<BR>[Called By]<UL><LI><a href="#[71]">&gt;&gt;</a>&nbsp;&nbsp;&nbsp;nrf_crypto_backend_curve25519_ecdh_compute
<LI><a href="#[ac]">&gt;&gt;</a>&nbsp;&nbsp;&nbsp;ocrypto_curve25519_scalarmult_base
</UL>

<P><STRONG><a name="[ac]"></a>ocrypto_curve25519_scalarmult_base</STRONG> (Thumb, 12 bytes, Stack size unknown bytes, ocrypto_curve25519.c.obj(.text.ocrypto_curve25519_scalarmult_base))
<BR><BR>[Calls]<UL><LI><a href="#[a7]">&gt;&gt;</a>&nbsp;&nbsp;&nbsp;ocrypto_curve25519_scalarmult
</UL>
<BR>[Called By]<UL><LI><a href="#[69]">&gt;&gt;</a>&nbsp;&nbsp;&nbsp;nrf_crypto_backend_curve25519_public_key_calculate
<LI><a href="#[66]">&gt;&gt;</a>&nbsp;&nbsp;&nbsp;nrf_crypto_backend_curve25519_key_pair_generate
</UL>

<P><STRONG><a name="[ad]"></a>ocrypto_curve_p256_from64bytes</STRONG> (Thumb, 96 bytes, Stack size unknown bytes, ocrypto_curve_p256.c.obj(.text.ocrypto_curve_p256_from64bytes))
<BR><BR>[Calls]<UL><LI><a href="#[ae]">&gt;&gt;</a>&nbsp;&nbsp;&nbsp;ocrypto_mod_p256_fromBytes
<LI><a href="#[b1]">&gt;&gt;</a>&nbsp;&nbsp;&nbsp;ocrypto_mod_p256_mul
<LI><a href="#[af]">&gt;&gt;</a>&nbsp;&nbsp;&nbsp;ocrypto_mod_p256_square
<LI><a href="#[b0]">&gt;&gt;</a>&nbsp;&nbsp;&nbsp;ocrypto_mod_p256_add
<LI><a href="#[b2]">&gt;&gt;</a>&nbsp;&nbsp;&nbsp;ocrypto_constant_time_equal
</UL>
<BR>[Called By]<UL><LI><a href="#[bf]">&gt;&gt;</a>&nbsp;&nbsp;&nbsp;ocrypto_ecdh_p256_common_secret
</UL>

<P><STRONG><a name="[b3]"></a>ocrypto_curve_p256_scalarmult</STRONG> (Thumb, 356 bytes, Stack size unknown bytes, ocrypto_curve_p256.c.obj(.text.ocrypto_curve_p256_scalarmult))
<BR><BR>[Calls]<UL><LI><a href="#[b5]">&gt;&gt;</a>&nbsp;&nbsp;&nbsp;ocrypto_mod_p256_cneg
<LI><a href="#[a3]">&gt;&gt;</a>&nbsp;&nbsp;&nbsp;ocrypto_bigint_cadd256
<LI><a href="#[a6]">&gt;&gt;</a>&nbsp;&nbsp;&nbsp;ocrypto_bigint_sub256
<LI><a href="#[b6]">&gt;&gt;</a>&nbsp;&nbsp;&nbsp;p256_zaddu
<LI><a href="#[b7]">&gt;&gt;</a>&nbsp;&nbsp;&nbsp;p256_zaddc
<LI><a href="#[b4]">&gt;&gt;</a>&nbsp;&nbsp;&nbsp;p256_zdblu
<LI><a href="#[b8]">&gt;&gt;</a>&nbsp;&nbsp;&nbsp;ocrypto_mod_p256_invert
<LI><a href="#[b9]">&gt;&gt;</a>&nbsp;&nbsp;&nbsp;ocrypto_mod_p256_sub
<LI><a href="#[b1]">&gt;&gt;</a>&nbsp;&nbsp;&nbsp;ocrypto_mod_p256_mul
<LI><a href="#[af]">&gt;&gt;</a>&nbsp;&nbsp;&nbsp;ocrypto_mod_p256_square
<LI><a href="#[ba]">&gt;&gt;</a>&nbsp;&nbsp;&nbsp;ocrypto_constant_time_is_zero
<LI><a href="#[8d]">&gt;&gt;</a>&nbsp;&nbsp;&nbsp;ocrypto_bigint_cswap256
</UL>
<BR>[Called By]<UL><LI><a href="#[bf]">&gt;&gt;</a>&nbsp;&nbsp;&nbsp;ocrypto_ecdh_p256_common_secret
<LI><a href="#[bb]">&gt;&gt;</a>&nbsp;&nbsp;&nbsp;ocrypto_curve_p256_scalarmult_base
</UL>

<P><STRONG><a name="[bb]"></a>ocrypto_curve_p256_scalarmult_base</STRONG> (Thumb, 12 bytes, Stack size unknown bytes, ocrypto_curve_p256.c.obj(.text.ocrypto_curve_p256_scalarmult_base))
<BR><BR>[Calls]<UL><LI><a href="#[b3]">&gt;&gt;</a>&nbsp;&nbsp;&nbsp;ocrypto_curve_p256_scalarmult
</UL>
<BR>[Called By]<UL><LI><a href="#[c1]">&gt;&gt;</a>&nbsp;&nbsp;&nbsp;ocrypto_ecdh_p256_public_key
</UL>

<P><STRONG><a name="[bc]"></a>ocrypto_curve_p256_to32bytes</STRONG> (Thumb, 4 bytes, Stack size unknown bytes, ocrypto_curve_p256.c.obj(.text.ocrypto_curve_p256_to32bytes))
<BR><BR>[Calls]<UL><LI><a href="#[bd]">&gt;&gt;</a>&nbsp;&nbsp;&nbsp;ocrypto_mod_p256_toBytes
</UL>
<BR>[Called By]<UL><LI><a href="#[bf]">&gt;&gt;</a>&nbsp;&nbsp;&nbsp;ocrypto_ecdh_p256_common_secret
</UL>

<P><STRONG><a name="[be]"></a>ocrypto_curve_p256_to64bytes</STRONG> (Thumb, 26 bytes, Stack size unknown bytes, ocrypto_curve_p256.c.obj(.text.ocrypto_curve_p256_to64bytes))
<BR><BR>[Calls]<UL><LI><a href="#[bd]">&gt;&gt;</a>&nbsp;&nbsp;&nbsp;ocrypto_mod_p256_toBytes
</UL>
<BR>[Called By]<UL><LI><a href="#[c1]">&gt;&gt;</a>&nbsp;&nbsp;&nbsp;ocrypto_ecdh_p256_public_key
</UL>

<P><STRONG><a name="[bf]"></a>ocrypto_ecdh_p256_common_secret</STRONG> (Thumb, 54 bytes, Stack size unknown bytes, ocrypto_ecdh_p256.c.obj(.text.ocrypto_ecdh_p256_common_secret))
<BR><BR>[Calls]<UL><LI><a href="#[bc]">&gt;&gt;</a>&nbsp;&nbsp;&nbsp;ocrypto_curve_p256_to32bytes
<LI><a href="#[b3]">&gt;&gt;</a>&nbsp;&nbsp;&nbsp;ocrypto_curve_p256_scalarmult
<LI><a href="#[ad]">&gt;&gt;</a>&nbsp;&nbsp;&nbsp;ocrypto_curve_p256_from64bytes
<LI><a href="#[c0]">&gt;&gt;</a>&nbsp;&nbsp;&nbsp;ocrypto_sc_p256_from32bytes
</UL>
<BR>[Called By]<UL><LI><a href="#[70]">&gt;&gt;</a>&nbsp;&nbsp;&nbsp;nrf_crypto_backend_secp256r1_ecdh_compute
</UL>

<P><STRONG><a name="[c1]"></a>ocrypto_ecdh_p256_public_key</STRONG> (Thumb, 38 bytes, Stack size unknown bytes, ocrypto_ecdh_p256.c.obj(.text.ocrypto_ecdh_p256_public_key))
<BR><BR>[Calls]<UL><LI><a href="#[be]">&gt;&gt;</a>&nbsp;&nbsp;&nbsp;ocrypto_curve_p256_to64bytes
<LI><a href="#[bb]">&gt;&gt;</a>&nbsp;&nbsp;&nbsp;ocrypto_curve_p256_scalarmult_base
<LI><a href="#[c0]">&gt;&gt;</a>&nbsp;&nbsp;&nbsp;ocrypto_sc_p256_from32bytes
</UL>
<BR>[Called By]<UL><LI><a href="#[68]">&gt;&gt;</a>&nbsp;&nbsp;&nbsp;nrf_crypto_backend_secp256r1_public_key_calculate
<LI><a href="#[65]">&gt;&gt;</a>&nbsp;&nbsp;&nbsp;nrf_crypto_backend_secp256r1_key_pair_generate
</UL>

<P><STRONG><a name="[c2]"></a>ocrypto_ed25519_public_key</STRONG> (Thumb, 72 bytes, Stack size unknown bytes, ocrypto_ed25519.c.obj(.text.ocrypto_ed25519_public_key))
<BR><BR>[Calls]<UL><LI><a href="#[c6]">&gt;&gt;</a>&nbsp;&nbsp;&nbsp;ocrypto_ge25519_pack
<LI><a href="#[c5]">&gt;&gt;</a>&nbsp;&nbsp;&nbsp;ocrypto_ge25519_scalarmult_base
<LI><a href="#[c4]">&gt;&gt;</a>&nbsp;&nbsp;&nbsp;ocrypto_sc25519_from32bytes
<LI><a href="#[c3]">&gt;&gt;</a>&nbsp;&nbsp;&nbsp;ocrypto_sha512
</UL>
<BR>[Called By]<UL><LI><a href="#[6c]">&gt;&gt;</a>&nbsp;&nbsp;&nbsp;nrf_crypto_backend_ed25519_private_key_from_raw
<LI><a href="#[67]">&gt;&gt;</a>&nbsp;&nbsp;&nbsp;nrf_crypto_backend_ed25519_key_pair_generate
</UL>

<P><STRONG><a name="[c6]"></a>ocrypto_ge25519_pack</STRONG> (Thumb, 66 bytes, Stack size unknown bytes, ocrypto_ge25519.c.obj(.text.ocrypto_ge25519_pack))
<BR><BR>[Calls]<UL><LI><a href="#[ab]">&gt;&gt;</a>&nbsp;&nbsp;&nbsp;ocrypto_mod25519_toBytes
<LI><a href="#[aa]">&gt;&gt;</a>&nbsp;&nbsp;&nbsp;ocrypto_mod25519_power
<LI><a href="#[98]">&gt;&gt;</a>&nbsp;&nbsp;&nbsp;ocrypto_mod25519_mul
<LI><a href="#[c7]">&gt;&gt;</a>&nbsp;&nbsp;&nbsp;ocrypto_mod25519_getsign
</UL>
<BR>[Called By]<UL><LI><a href="#[c2]">&gt;&gt;</a>&nbsp;&nbsp;&nbsp;ocrypto_ed25519_public_key
</UL>

<P><STRONG><a name="[c5]"></a>ocrypto_ge25519_scalarmult_base</STRONG> (Thumb, 238 bytes, Stack size unknown bytes, ocrypto_ge25519.c.obj(.text.ocrypto_ge25519_scalarmult_base))
<BR><BR>[Calls]<UL><LI><a href="#[9b]">&gt;&gt;</a>&nbsp;&nbsp;&nbsp;add_entry.constprop.2
<LI><a href="#[9a]">&gt;&gt;</a>&nbsp;&nbsp;&nbsp;add_entry.constprop.1
<LI><a href="#[96]">&gt;&gt;</a>&nbsp;&nbsp;&nbsp;add_entry.constprop.0
<LI><a href="#[9c]">&gt;&gt;</a>&nbsp;&nbsp;&nbsp;get_entry.constprop.0
<LI><a href="#[9d]">&gt;&gt;</a>&nbsp;&nbsp;&nbsp;dbl_p1p1
<LI><a href="#[98]">&gt;&gt;</a>&nbsp;&nbsp;&nbsp;ocrypto_mod25519_mul
<LI><a href="#[a2]">&gt;&gt;</a>&nbsp;&nbsp;&nbsp;ocrypto_mod25519_init
<LI><a href="#[c8]">&gt;&gt;</a>&nbsp;&nbsp;&nbsp;ocrypto_sc25519_window4
</UL>
<BR>[Called By]<UL><LI><a href="#[c2]">&gt;&gt;</a>&nbsp;&nbsp;&nbsp;ocrypto_ed25519_public_key
</UL>

<P><STRONG><a name="[a8]"></a>ocrypto_mod25519_fromBytes</STRONG> (Thumb, 38 bytes, Stack size unknown bytes, ocrypto_mod25519.c.obj(.text.ocrypto_mod25519_fromBytes))
<BR><BR>[Called By]<UL><LI><a href="#[a7]">&gt;&gt;</a>&nbsp;&nbsp;&nbsp;ocrypto_curve25519_scalarmult
</UL>

<P><STRONG><a name="[c7]"></a>ocrypto_mod25519_getsign</STRONG> (Thumb, 16 bytes, Stack size unknown bytes, ocrypto_mod25519.c.obj(.text.ocrypto_mod25519_getsign))
<BR><BR>[Calls]<UL><LI><a href="#[c9]">&gt;&gt;</a>&nbsp;&nbsp;&nbsp;ocrypto_mod25519_freeze
</UL>
<BR>[Called By]<UL><LI><a href="#[c6]">&gt;&gt;</a>&nbsp;&nbsp;&nbsp;ocrypto_ge25519_pack
</UL>

<P><STRONG><a name="[a2]"></a>ocrypto_mod25519_init</STRONG> (Thumb, 20 bytes, Stack size unknown bytes, ocrypto_mod25519.c.obj(.text.ocrypto_mod25519_init))
<BR><BR>[Called By]<UL><LI><a href="#[a7]">&gt;&gt;</a>&nbsp;&nbsp;&nbsp;ocrypto_curve25519_scalarmult
<LI><a href="#[9c]">&gt;&gt;</a>&nbsp;&nbsp;&nbsp;get_entry.constprop.0
<LI><a href="#[97]">&gt;&gt;</a>&nbsp;&nbsp;&nbsp;get_entry
<LI><a href="#[c5]">&gt;&gt;</a>&nbsp;&nbsp;&nbsp;ocrypto_ge25519_scalarmult_base
</UL>

<P><STRONG><a name="[a0]"></a>ocrypto_mod25519_neg</STRONG> (Thumb, 36 bytes, Stack size unknown bytes, ocrypto_mod25519.c.obj(.text.ocrypto_mod25519_neg))
<BR><BR>[Calls]<UL><LI><a href="#[a1]">&gt;&gt;</a>&nbsp;&nbsp;&nbsp;ocrypto_mod25519_sub
</UL>
<BR>[Called By]<UL><LI><a href="#[9d]">&gt;&gt;</a>&nbsp;&nbsp;&nbsp;dbl_p1p1
</UL>

<P><STRONG><a name="[aa]"></a>ocrypto_mod25519_power</STRONG> (Thumb, 546 bytes, Stack size unknown bytes, ocrypto_mod25519.c.obj(.text.ocrypto_mod25519_power))
<BR><BR>[Calls]<UL><LI><a href="#[9e]">&gt;&gt;</a>&nbsp;&nbsp;&nbsp;ocrypto_mod25519_square
<LI><a href="#[98]">&gt;&gt;</a>&nbsp;&nbsp;&nbsp;ocrypto_mod25519_mul
</UL>
<BR>[Called By]<UL><LI><a href="#[a7]">&gt;&gt;</a>&nbsp;&nbsp;&nbsp;ocrypto_curve25519_scalarmult
<LI><a href="#[c6]">&gt;&gt;</a>&nbsp;&nbsp;&nbsp;ocrypto_ge25519_pack
</UL>

<P><STRONG><a name="[ab]"></a>ocrypto_mod25519_toBytes</STRONG> (Thumb, 46 bytes, Stack size unknown bytes, ocrypto_mod25519.c.obj(.text.ocrypto_mod25519_toBytes))
<BR><BR>[Calls]<UL><LI><a href="#[c9]">&gt;&gt;</a>&nbsp;&nbsp;&nbsp;ocrypto_mod25519_freeze
</UL>
<BR>[Called By]<UL><LI><a href="#[a7]">&gt;&gt;</a>&nbsp;&nbsp;&nbsp;ocrypto_curve25519_scalarmult
<LI><a href="#[c6]">&gt;&gt;</a>&nbsp;&nbsp;&nbsp;ocrypto_ge25519_pack
</UL>

<P><STRONG><a name="[b5]"></a>ocrypto_mod_p256_cneg</STRONG> (Thumb, 56 bytes, Stack size unknown bytes, ocrypto_mod_p256.c.obj(.text.ocrypto_mod_p256_cneg))
<BR><BR>[Calls]<UL><LI><a href="#[b9]">&gt;&gt;</a>&nbsp;&nbsp;&nbsp;ocrypto_mod_p256_sub
<LI><a href="#[8d]">&gt;&gt;</a>&nbsp;&nbsp;&nbsp;ocrypto_bigint_cswap256
<LI><a href="#[8f]">&gt;&gt;</a>&nbsp;&nbsp;&nbsp;ocrypto_constant_time_copy
<LI><a href="#[ca]">&gt;&gt;</a>&nbsp;&nbsp;&nbsp;ocrypto_constant_time_fill_zero
</UL>
<BR>[Called By]<UL><LI><a href="#[b3]">&gt;&gt;</a>&nbsp;&nbsp;&nbsp;ocrypto_curve_p256_scalarmult
</UL>

<P><STRONG><a name="[ae]"></a>ocrypto_mod_p256_fromBytes</STRONG> (Thumb, 50 bytes, Stack size unknown bytes, ocrypto_mod_p256.c.obj(.text.ocrypto_mod_p256_fromBytes))
<BR><BR>[Called By]<UL><LI><a href="#[ad]">&gt;&gt;</a>&nbsp;&nbsp;&nbsp;ocrypto_curve_p256_from64bytes
</UL>

<P><STRONG><a name="[b8]"></a>ocrypto_mod_p256_invert</STRONG> (Thumb, 350 bytes, Stack size unknown bytes, ocrypto_mod_p256.c.obj(.text.ocrypto_mod_p256_invert))
<BR><BR>[Calls]<UL><LI><a href="#[b1]">&gt;&gt;</a>&nbsp;&nbsp;&nbsp;ocrypto_mod_p256_mul
<LI><a href="#[af]">&gt;&gt;</a>&nbsp;&nbsp;&nbsp;ocrypto_mod_p256_square
</UL>
<BR>[Called By]<UL><LI><a href="#[b3]">&gt;&gt;</a>&nbsp;&nbsp;&nbsp;ocrypto_curve_p256_scalarmult
</UL>

<P><STRONG><a name="[bd]"></a>ocrypto_mod_p256_toBytes</STRONG> (Thumb, 50 bytes, Stack size unknown bytes, ocrypto_mod_p256.c.obj(.text.ocrypto_mod_p256_toBytes))
<BR><BR>[Called By]<UL><LI><a href="#[bc]">&gt;&gt;</a>&nbsp;&nbsp;&nbsp;ocrypto_curve_p256_to32bytes
<LI><a href="#[be]">&gt;&gt;</a>&nbsp;&nbsp;&nbsp;ocrypto_curve_p256_to64bytes
</UL>

<P><STRONG><a name="[c4]"></a>ocrypto_sc25519_from32bytes</STRONG> (Thumb, 96 bytes, Stack size unknown bytes, ocrypto_sc25519.c.obj(.text.ocrypto_sc25519_from32bytes))
<BR><BR>[Calls]<UL><LI><a href="#[a4]">&gt;&gt;</a>&nbsp;&nbsp;&nbsp;m_reduction_step
</UL>
<BR>[Called By]<UL><LI><a href="#[c2]">&gt;&gt;</a>&nbsp;&nbsp;&nbsp;ocrypto_ed25519_public_key
</UL>

<P><STRONG><a name="[c8]"></a>ocrypto_sc25519_window4</STRONG> (Thumb, 70 bytes, Stack size unknown bytes, ocrypto_sc25519.c.obj(.text.ocrypto_sc25519_window4))
<BR><BR>[Called By]<UL><LI><a href="#[c5]">&gt;&gt;</a>&nbsp;&nbsp;&nbsp;ocrypto_ge25519_scalarmult_base
</UL>

<P><STRONG><a name="[c0]"></a>ocrypto_sc_p256_from32bytes</STRONG> (Thumb, 84 bytes, Stack size unknown bytes, ocrypto_sc_p256.c.obj(.text.ocrypto_sc_p256_from32bytes))
<BR><BR>[Calls]<UL><LI><a href="#[a3]">&gt;&gt;</a>&nbsp;&nbsp;&nbsp;ocrypto_bigint_cadd256
<LI><a href="#[a6]">&gt;&gt;</a>&nbsp;&nbsp;&nbsp;ocrypto_bigint_sub256
</UL>
<BR>[Called By]<UL><LI><a href="#[bf]">&gt;&gt;</a>&nbsp;&nbsp;&nbsp;ocrypto_ecdh_p256_common_secret
<LI><a href="#[c1]">&gt;&gt;</a>&nbsp;&nbsp;&nbsp;ocrypto_ecdh_p256_public_key
</UL>

<P><STRONG><a name="[c3]"></a>ocrypto_sha512</STRONG> (Thumb, 304 bytes, Stack size unknown bytes, ocrypto_sha512.c.obj(.text.ocrypto_sha512))
<BR><BR>[Calls]<UL><LI><a href="#[cb]">&gt;&gt;</a>&nbsp;&nbsp;&nbsp;ocrypto_sha512_final
<LI><a href="#[cc]">&gt;&gt;</a>&nbsp;&nbsp;&nbsp;sha512_blocks
</UL>
<BR>[Called By]<UL><LI><a href="#[c2]">&gt;&gt;</a>&nbsp;&nbsp;&nbsp;ocrypto_ed25519_public_key
</UL>

<P><STRONG><a name="[cb]"></a>ocrypto_sha512_final</STRONG> (Thumb, 474 bytes, Stack size unknown bytes, ocrypto_sha512.c.obj(.text.ocrypto_sha512_final))
<BR><BR>[Calls]<UL><LI><a href="#[cd]">&gt;&gt;</a>&nbsp;&nbsp;&nbsp;sha512_blocks.constprop.0
</UL>
<BR>[Called By]<UL><LI><a href="#[c3]">&gt;&gt;</a>&nbsp;&nbsp;&nbsp;ocrypto_sha512
</UL>

<P><STRONG><a name="[ce]"></a>ocrypto_sha512_loop1</STRONG> (Thumb, 496 bytes, Stack size unknown bytes, ocrypto_sha512_loop.c.obj(.text.ocrypto_sha512_loop1))
<BR><BR>[Called By]<UL><LI><a href="#[cd]">&gt;&gt;</a>&nbsp;&nbsp;&nbsp;sha512_blocks.constprop.0
<LI><a href="#[cc]">&gt;&gt;</a>&nbsp;&nbsp;&nbsp;sha512_blocks
</UL>

<P><STRONG><a name="[cf]"></a>ocrypto_sha512_loop2</STRONG> (Thumb, 218 bytes, Stack size unknown bytes, ocrypto_sha512_loop.c.obj(.text.ocrypto_sha512_loop2))
<BR><BR>[Called By]<UL><LI><a href="#[cd]">&gt;&gt;</a>&nbsp;&nbsp;&nbsp;sha512_blocks.constprop.0
<LI><a href="#[cc]">&gt;&gt;</a>&nbsp;&nbsp;&nbsp;sha512_blocks
</UL>

<P><STRONG><a name="[19]"></a>GPIOTE_IRQHandler</STRONG> (Thumb, 180 bytes, Stack size 40 bytes, nrfx_gpiote.o(i.GPIOTE_IRQHandler))
<BR><BR>[Stack]<UL><LI>Max Depth = 104<LI>Call Chain = GPIOTE_IRQHandler &rArr; port_event_handle &rArr; latch_pending_read_and_check &rArr; nrf_gpio_latches_read_and_clear
</UL>
<BR>[Calls]<UL><LI><a href="#[d4]">&gt;&gt;</a>&nbsp;&nbsp;&nbsp;port_event_handle
<LI><a href="#[d0]">&gt;&gt;</a>&nbsp;&nbsp;&nbsp;nrf_gpiote_event_is_set
<LI><a href="#[d1]">&gt;&gt;</a>&nbsp;&nbsp;&nbsp;nrf_gpiote_event_clear
<LI><a href="#[d2]">&gt;&gt;</a>&nbsp;&nbsp;&nbsp;nrf_gpio_latches_read_and_clear
<LI><a href="#[d3]">&gt;&gt;</a>&nbsp;&nbsp;&nbsp;channel_handler_get
</UL>
<BR>[Address Reference Count : 1]<UL><LI> arm_startup_nrf52.o(RESET)
</UL>
<P><STRONG><a name="[13]"></a>POWER_CLOCK_IRQHandler</STRONG> (Thumb, 80 bytes, Stack size 8 bytes, nrfx_clock.o(i.POWER_CLOCK_IRQHandler))
<BR><BR>[Stack]<UL><LI>Max Depth = 16<LI>Call Chain = POWER_CLOCK_IRQHandler &rArr; nrf_clock_event_clear
</UL>
<BR>[Calls]<UL><LI><a href="#[d7]">&gt;&gt;</a>&nbsp;&nbsp;&nbsp;nrf_clock_int_disable
<LI><a href="#[d6]">&gt;&gt;</a>&nbsp;&nbsp;&nbsp;nrf_clock_event_clear
<LI><a href="#[d5]">&gt;&gt;</a>&nbsp;&nbsp;&nbsp;nrf_clock_event_check
</UL>
<BR>[Address Reference Count : 1]<UL><LI> arm_startup_nrf52.o(RESET)
</UL>
<P><STRONG><a name="[20]"></a>RNG_IRQHandler</STRONG> (Thumb, 30 bytes, Stack size 8 bytes, nrfx_rng.o(i.RNG_IRQHandler))
<BR><BR>[Stack]<UL><LI>Max Depth = 16<LI>Call Chain = RNG_IRQHandler &rArr; nrf_rng_event_clear
</UL>
<BR>[Calls]<UL><LI><a href="#[d8]">&gt;&gt;</a>&nbsp;&nbsp;&nbsp;nrf_rng_event_clear
</UL>
<BR>[Address Reference Count : 1]<UL><LI> arm_startup_nrf52.o(RESET)
</UL>
<P><STRONG><a name="[24]"></a>RTC1_IRQHandler</STRONG> (Thumb, 44 bytes, Stack size 8 bytes, app_timer.o(i.RTC1_IRQHandler))
<BR><BR>[Stack]<UL><LI>Max Depth = 40<LI>Call Chain = RTC1_IRQHandler &rArr; timer_timeouts_check &rArr; timer_list_handler_sched
</UL>
<BR>[Calls]<UL><LI><a href="#[d9]">&gt;&gt;</a>&nbsp;&nbsp;&nbsp;timer_timeouts_check
</UL>
<BR>[Address Reference Count : 1]<UL><LI> arm_startup_nrf52.o(RESET)
</UL>
<P><STRONG><a name="[da]"></a>SEGGER_RTT_Init</STRONG> (Thumb, 8 bytes, Stack size 8 bytes, segger_rtt.o(i.SEGGER_RTT_Init))
<BR><BR>[Stack]<UL><LI>Max Depth = 16<LI>Call Chain = SEGGER_RTT_Init &rArr; _DoInit
</UL>
<BR>[Calls]<UL><LI><a href="#[db]">&gt;&gt;</a>&nbsp;&nbsp;&nbsp;_DoInit
</UL>
<BR>[Called By]<UL><LI><a href="#[2b8]">&gt;&gt;</a>&nbsp;&nbsp;&nbsp;nrf_log_backend_rtt_init
</UL>

<P><STRONG><a name="[dc]"></a>SEGGER_RTT_WriteNoLock</STRONG> (Thumb, 126 bytes, Stack size 32 bytes, segger_rtt.o(i.SEGGER_RTT_WriteNoLock))
<BR><BR>[Stack]<UL><LI>Max Depth = 72<LI>Call Chain = SEGGER_RTT_WriteNoLock &rArr; _WriteNoCheck &rArr; __aeabi_memcpy
</UL>
<BR>[Calls]<UL><LI><a href="#[de]">&gt;&gt;</a>&nbsp;&nbsp;&nbsp;_WriteNoCheck
<LI><a href="#[df]">&gt;&gt;</a>&nbsp;&nbsp;&nbsp;_WriteBlocking
<LI><a href="#[dd]">&gt;&gt;</a>&nbsp;&nbsp;&nbsp;_GetAvailWriteSpace
</UL>
<BR>[Called By]<UL><LI><a href="#[45]">&gt;&gt;</a>&nbsp;&nbsp;&nbsp;serial_tx
</UL>

<P><STRONG><a name="[27]"></a>SWI0_EGU0_IRQHandler</STRONG> (Thumb, 8 bytes, Stack size 8 bytes, app_timer.o(i.SWI0_EGU0_IRQHandler))
<BR><BR>[Stack]<UL><LI>Max Depth = 104<LI>Call Chain = SWI0_EGU0_IRQHandler &rArr; timer_list_handler &rArr; list_insertions_handler &rArr; timer_list_remove &rArr; nrfx_coredep_delay_us
</UL>
<BR>[Calls]<UL><LI><a href="#[e0]">&gt;&gt;</a>&nbsp;&nbsp;&nbsp;timer_list_handler
</UL>
<BR>[Address Reference Count : 1]<UL><LI> arm_startup_nrf52.o(RESET)
</UL>
<P><STRONG><a name="[29]"></a>SWI2_EGU2_IRQHandler</STRONG> (Thumb, 8 bytes, Stack size 8 bytes, nrf_sdh.o(i.SWI2_EGU2_IRQHandler))
<BR><BR>[Stack]<UL><LI>Max Depth = 48<LI>Call Chain = SWI2_EGU2_IRQHandler &rArr; nrf_sdh_evts_poll &rArr; nrf_section_iter_init
</UL>
<BR>[Calls]<UL><LI><a href="#[e1]">&gt;&gt;</a>&nbsp;&nbsp;&nbsp;nrf_sdh_evts_poll
</UL>
<BR>[Address Reference Count : 1]<UL><LI> arm_startup_nrf52.o(RESET)
</UL>
<P><STRONG><a name="[e9]"></a>SystemCoreClockUpdate</STRONG> (Thumb, 8 bytes, Stack size 0 bytes, system_nrf52.o(i.SystemCoreClockUpdate))
<BR><BR>[Called By]<UL><LI><a href="#[39]">&gt;&gt;</a>&nbsp;&nbsp;&nbsp;SystemInit
</UL>

<P><STRONG><a name="[39]"></a>SystemInit</STRONG> (Thumb, 512 bytes, Stack size 8 bytes, system_nrf52.o(i.SystemInit))
<BR><BR>[Stack]<UL><LI>Max Depth = 8<LI>Call Chain = SystemInit
</UL>
<BR>[Calls]<UL><LI><a href="#[e9]">&gt;&gt;</a>&nbsp;&nbsp;&nbsp;SystemCoreClockUpdate
<LI><a href="#[e8]">&gt;&gt;</a>&nbsp;&nbsp;&nbsp;errata_66
<LI><a href="#[e7]">&gt;&gt;</a>&nbsp;&nbsp;&nbsp;errata_57
<LI><a href="#[e6]">&gt;&gt;</a>&nbsp;&nbsp;&nbsp;errata_37
<LI><a href="#[e5]">&gt;&gt;</a>&nbsp;&nbsp;&nbsp;errata_36
<LI><a href="#[e4]">&gt;&gt;</a>&nbsp;&nbsp;&nbsp;errata_32
<LI><a href="#[e3]">&gt;&gt;</a>&nbsp;&nbsp;&nbsp;errata_31
<LI><a href="#[e2]">&gt;&gt;</a>&nbsp;&nbsp;&nbsp;errata_16
</UL>
<BR>[Address Reference Count : 1]<UL><LI> arm_startup_nrf52.o(.text)
</UL>
<P><STRONG><a name="[15]"></a>UARTE0_UART0_IRQHandler</STRONG> (Thumb, 10 bytes, Stack size 8 bytes, nrfx_prs.o(i.UARTE0_UART0_IRQHandler))
<BR><BR>[Stack]<UL><LI>Max Depth = 8<LI>Call Chain = UARTE0_UART0_IRQHandler
</UL>
<BR>[Address Reference Count : 1]<UL><LI> arm_startup_nrf52.o(RESET)
</UL>
<P><STRONG><a name="[37a]"></a>__scatterload_copy</STRONG> (Thumb, 14 bytes, Stack size unknown bytes, handlers.o(i.__scatterload_copy), UNUSED)

<P><STRONG><a name="[37b]"></a>__scatterload_null</STRONG> (Thumb, 2 bytes, Stack size unknown bytes, handlers.o(i.__scatterload_null), UNUSED)

[...]
<LI><a href="#[18f]">&gt;&gt;</a>&nbsp;&nbsp;&nbsp;log_skip
</UL>

<P><STRONG><a name="[18f]"></a>log_skip</STRONG> (Thumb, 190 bytes, Stack size 40 bytes, nrf_log_frontend.o(i.log_skip))
<BR><BR>[Stack]<UL><LI>Max Depth = 72<LI>Call Chain = log_skip &rArr; nrf_atomic_flag_set &rArr; nrf_atomic_u32_or
</UL>
<BR>[Calls]<UL><LI><a href="#[24b]">&gt;&gt;</a>&nbsp;&nbsp;&nbsp;nrf_atomic_flag_set
<LI><a href="#[24d]">&gt;&gt;</a>&nbsp;&nbsp;&nbsp;nrf_atomic_flag_clear_fetch
<LI><a href="#[24c]">&gt;&gt;</a>&nbsp;&nbsp;&nbsp;invalid_packets_omit
</UL>
<BR>[Called By]<UL><LI><a href="#[18d]">&gt;&gt;</a>&nbsp;&nbsp;&nbsp;buf_prealloc
</UL>

<P><STRONG><a name="[25e]"></a>module_idx_get</STRONG> (Thumb, 52 bytes, Stack size 16 bytes, nrf_log_frontend.o(i.module_idx_get))
<BR><BR>[Stack]<UL><LI>Max Depth = 16<LI>Call Chain = module_idx_get
</UL>
<BR>[Calls]<UL><LI><a href="#[25f]">&gt;&gt;</a>&nbsp;&nbsp;&nbsp;nrf_log_module_cnt_get
</UL>
<BR>[Called By]<UL><LI><a href="#[2c9]">&gt;&gt;</a>&nbsp;&nbsp;&nbsp;nrf_log_module_name_get
</UL>

<P><STRONG><a name="[34f]"></a>std_header_set</STRONG> (Thumb, 96 bytes, Stack size 40 bytes, nrf_log_frontend.o(i.std_header_set))
<BR><BR>[Stack]<UL><LI>Max Depth = 72<LI>Call Chain = std_header_set &rArr; dropped_sat16_get &rArr; nrf_atomic_u32_fetch_store
</UL>
<BR>[Calls]<UL><LI><a href="#[1b7]">&gt;&gt;</a>&nbsp;&nbsp;&nbsp;dropped_sat16_get
</UL>
<BR>[Called By]<UL><LI><a href="#[2c2]">&gt;&gt;</a>&nbsp;&nbsp;&nbsp;std_n
</UL>

<P><STRONG><a name="[2c2]"></a>std_n</STRONG> (Thumb, 104 bytes, Stack size 40 bytes, nrf_log_frontend.o(i.std_n))
<BR><BR>[Stack]<UL><LI>Max Depth = 248<LI>Call Chain = std_n &rArr; nrf_log_frontend_dequeue &rArr;  nrf_log_frontend_std_0 (Cycle)
</UL>
<BR>[Calls]<UL><LI><a href="#[104]">&gt;&gt;</a>&nbsp;&nbsp;&nbsp;nrf_log_frontend_dequeue
<LI><a href="#[34f]">&gt;&gt;</a>&nbsp;&nbsp;&nbsp;std_header_set
<LI><a href="#[18d]">&gt;&gt;</a>&nbsp;&nbsp;&nbsp;buf_prealloc
</UL>
<BR>[Called By]<UL><LI><a href="#[164]">&gt;&gt;</a>&nbsp;&nbsp;&nbsp;nrf_log_frontend_std_5
<LI><a href="#[f2]">&gt;&gt;</a>&nbsp;&nbsp;&nbsp;nrf_log_frontend_std_2
<LI><a href="#[f0]">&gt;&gt;</a>&nbsp;&nbsp;&nbsp;nrf_log_frontend_std_1
<LI><a href="#[105]">&gt;&gt;</a>&nbsp;&nbsp;&nbsp;nrf_log_frontend_std_0
<LI><a href="#[2c3]">&gt;&gt;</a>&nbsp;&nbsp;&nbsp;nrf_log_frontend_std_4
<LI><a href="#[131]">&gt;&gt;</a>&nbsp;&nbsp;&nbsp;nrf_log_frontend_std_3
</UL>

<P><STRONG><a name="[2c6]"></a>postfix_process</STRONG> (Thumb, 58 bytes, Stack size 16 bytes, nrf_log_str_formatter.o(i.postfix_process))
<BR><BR>[Stack]<UL><LI>Max Depth = 232<LI>Call Chain = postfix_process &rArr; nrf_fprintf &rArr; nrf_fprintf_fmt &rArr; int_print &rArr; unsigned_print &rArr; buffer_add &rArr;  buffer_add (Cycle)
</UL>
<BR>[Calls]<UL><LI><a href="#[191]">&gt;&gt;</a>&nbsp;&nbsp;&nbsp;nrf_fprintf_buffer_flush
<LI><a href="#[2aa]">&gt;&gt;</a>&nbsp;&nbsp;&nbsp;nrf_fprintf
</UL>
<BR>[Called By]<UL><LI><a href="#[2bc]">&gt;&gt;</a>&nbsp;&nbsp;&nbsp;nrf_log_std_entry_process
<LI><a href="#[2bd]">&gt;&gt;</a>&nbsp;&nbsp;&nbsp;nrf_log_hexdump_entry_process
</UL>

<P><STRONG><a name="[2c4]"></a>prefix_process</STRONG> (Thumb, 98 bytes, Stack size 24 bytes, nrf_log_str_formatter.o(i.prefix_process))
<BR><BR>[Stack]<UL><LI>Max Depth = 240<LI>Call Chain = prefix_process &rArr; nrf_fprintf &rArr; nrf_fprintf_fmt &rArr; int_print &rArr; unsigned_print &rArr; buffer_add &rArr;  buffer_add (Cycle)
</UL>
<BR>[Calls]<UL><LI><a href="#[2aa]">&gt;&gt;</a>&nbsp;&nbsp;&nbsp;nrf_fprintf
<LI><a href="#[329]">&gt;&gt;</a>&nbsp;&nbsp;&nbsp;timestamp_print
<LI><a href="#[2c9]">&gt;&gt;</a>&nbsp;&nbsp;&nbsp;nrf_log_module_name_get
<LI><a href="#[328]">&gt;&gt;</a>&nbsp;&nbsp;&nbsp;nrf_log_color_id_get
</UL>
<BR>[Called By]<UL><LI><a href="#[2bc]">&gt;&gt;</a>&nbsp;&nbsp;&nbsp;nrf_log_std_entry_process
<LI><a href="#[2bd]">&gt;&gt;</a>&nbsp;&nbsp;&nbsp;nrf_log_hexdump_entry_process
</UL>

<P><STRONG><a name="[329]"></a>timestamp_print</STRONG> (Thumb, 2 bytes, Stack size 0 bytes, nrf_log_str_formatter.o(i.timestamp_print))
<BR><BR>[Called By]<UL><LI><a href="#[2c4]">&gt;&gt;</a>&nbsp;&nbsp;&nbsp;prefix_process
</UL>

<P><STRONG><a name="[db]"></a>_DoInit</STRONG> (Thumb, 74 bytes, Stack size 8 bytes, segger_rtt.o(i._DoInit))
<BR><BR>[Stack]<UL><LI>Max Depth = 8<LI>Call Chain = _DoInit
</UL>
<BR>[Calls]<UL><LI><a href="#[ea]">&gt;&gt;</a>&nbsp;&nbsp;&nbsp;strcpy
</UL>
<BR>[Called By]<UL><LI><a href="#[da]">&gt;&gt;</a>&nbsp;&nbsp;&nbsp;SEGGER_RTT_Init
</UL>

<P><STRONG><a name="[dd]"></a>_GetAvailWriteSpace</STRONG> (Thumb, 28 bytes, Stack size 8 bytes, segger_rtt.o(i._GetAvailWriteSpace))
<BR><BR>[Stack]<UL><LI>Max Depth = 8<LI>Call Chain = _GetAvailWriteSpace
</UL>
<BR>[Called By]<UL><LI><a href="#[dc]">&gt;&gt;</a>&nbsp;&nbsp;&nbsp;SEGGER_RTT_WriteNoLock
</UL>

<P><STRONG><a name="[df]"></a>_WriteBlocking</STRONG> (Thumb, 114 bytes, Stack size 32 bytes, segger_rtt.o(i._WriteBlocking))
<BR><BR>[Stack]<UL><LI>Max Depth = 40<LI>Call Chain = _WriteBlocking &rArr; __aeabi_memcpy
</UL>
<BR>[Calls]<UL><LI><a href="#[eb]">&gt;&gt;</a>&nbsp;&nbsp;&nbsp;__aeabi_memcpy
</UL>
<BR>[Called By]<UL><LI><a href="#[dc]">&gt;&gt;</a>&nbsp;&nbsp;&nbsp;SEGGER_RTT_WriteNoLock
</UL>

<P><STRONG><a name="[de]"></a>_WriteNoCheck</STRONG> (Thumb, 76 bytes, Stack size 32 bytes, segger_rtt.o(i._WriteNoCheck))
<BR><BR>[Stack]<UL><LI>Max Depth = 40<LI>Call Chain = _WriteNoCheck &rArr; __aeabi_memcpy
</UL>
<BR>[Calls]<UL><LI><a href="#[eb]">&gt;&gt;</a>&nbsp;&nbsp;&nbsp;__aeabi_memcpy
</UL>
<BR>[Called By]<UL><LI><a href="#[dc]">&gt;&gt;</a>&nbsp;&nbsp;&nbsp;SEGGER_RTT_WriteNoLock
</UL>

<P><STRONG><a name="[33d]"></a>__sd_nvic_app_accessible_irq</STRONG> (Thumb, 52 bytes, Stack size 0 bytes, nrf_sdh.o(i.__sd_nvic_app_accessible_irq))
<BR><BR>[Called By]<UL><LI><a href="#[33e]">&gt;&gt;</a>&nbsp;&nbsp;&nbsp;sd_nvic_EnableIRQ
<LI><a href="#[33c]">&gt;&gt;</a>&nbsp;&nbsp;&nbsp;sd_nvic_DisableIRQ
</UL>

<P><STRONG><a name="[2db]"></a>nrf_section_iter_get</STRONG> (Thumb, 6 bytes, Stack size 0 bytes, nrf_sdh.o(i.nrf_section_iter_get))
<BR><BR>[Called By]<UL><LI><a href="#[e1]">&gt;&gt;</a>&nbsp;&nbsp;&nbsp;nrf_sdh_evts_poll
<LI><a href="#[2d8]">&gt;&gt;</a>&nbsp;&nbsp;&nbsp;sdh_state_observer_notify
<LI><a href="#[2d7]">&gt;&gt;</a>&nbsp;&nbsp;&nbsp;sdh_request_observer_notify
</UL>

<P><STRONG><a name="[33c]"></a>sd_nvic_DisableIRQ</STRONG> (Thumb, 114 bytes, Stack size 8 bytes, nrf_sdh.o(i.sd_nvic_DisableIRQ))
<BR><BR>[Stack]<UL><LI>Max Depth = 8<LI>Call Chain = sd_nvic_DisableIRQ
</UL>
<BR>[Calls]<UL><LI><a href="#[33d]">&gt;&gt;</a>&nbsp;&nbsp;&nbsp;__sd_nvic_app_accessible_irq
</UL>
<BR>[Called By]<UL><LI><a href="#[2d9]">&gt;&gt;</a>&nbsp;&nbsp;&nbsp;softdevice_evt_irq_disable
</UL>

<P><STRONG><a name="[33e]"></a>sd_nvic_EnableIRQ</STRONG> (Thumb, 150 bytes, Stack size 8 bytes, nrf_sdh.o(i.sd_nvic_EnableIRQ))
<BR><BR>[Stack]<UL><LI>Max Depth = 8<LI>Call Chain = sd_nvic_EnableIRQ
</UL>
<BR>[Calls]<UL><LI><a href="#[33d]">&gt;&gt;</a>&nbsp;&nbsp;&nbsp;__sd_nvic_app_accessible_irq
</UL>
<BR>[Called By]<UL><LI><a href="#[2da]">&gt;&gt;</a>&nbsp;&nbsp;&nbsp;softdevices_evt_irq_enable
</UL>

<P><STRONG><a name="[2d7]"></a>sdh_request_observer_notify</STRONG> (Thumb, 56 bytes, Stack size 32 bytes, nrf_sdh.o(i.sdh_request_observer_notify))
<BR><BR>[Stack]<UL><LI>Max Depth = 48<LI>Call Chain = sdh_request_observer_notify &rArr; nrf_section_iter_init
</UL>
<BR>[Calls]<UL><LI><a href="#[2d5]">&gt;&gt;</a>&nbsp;&nbsp;&nbsp;nrf_section_iter_next
<LI><a href="#[2cd]">&gt;&gt;</a>&nbsp;&nbsp;&nbsp;nrf_section_iter_init
<LI><a href="#[2db]">&gt;&gt;</a>&nbsp;&nbsp;&nbsp;nrf_section_iter_get
</UL>
<BR>[Called By]<UL><LI><a href="#[17a]">&gt;&gt;</a>&nbsp;&nbsp;&nbsp;nrf_sdh_enable_request
<LI><a href="#[2d6]">&gt;&gt;</a>&nbsp;&nbsp;&nbsp;nrf_sdh_disable_request
</UL>

<P><STRONG><a name="[2d8]"></a>sdh_state_observer_notify</STRONG> (Thumb, 48 bytes, Stack size 32 bytes, nrf_sdh.o(i.sdh_state_observer_notify))
<BR><BR>[Stack]<UL><LI>Max Depth = 48<LI>Call Chain = sdh_state_observer_notify &rArr; nrf_section_iter_init
</UL>
<BR>[Calls]<UL><LI><a href="#[2d5]">&gt;&gt;</a>&nbsp;&nbsp;&nbsp;nrf_section_iter_next
<LI><a href="#[2cd]">&gt;&gt;</a>&nbsp;&nbsp;&nbsp;nrf_section_iter_init
<LI><a href="#[2db]">&gt;&gt;</a>&nbsp;&nbsp;&nbsp;nrf_section_iter_get
</UL>
<BR>[Called By]<UL><LI><a href="#[17a]">&gt;&gt;</a>&nbsp;&nbsp;&nbsp;nrf_sdh_enable_request
<LI><a href="#[2d6]">&gt;&gt;</a>&nbsp;&nbsp;&nbsp;nrf_sdh_disable_request
</UL>

<P><STRONG><a name="[2d9]"></a>softdevice_evt_irq_disable</STRONG> (Thumb, 30 bytes, Stack size 16 bytes, nrf_sdh.o(i.softdevice_evt_irq_disable))
<BR><BR>[Stack]<UL><LI>Max Depth = 304<LI>Call Chain = softdevice_evt_irq_disable &rArr; app_error_handler_bare &rArr; app_error_fault_handler &rArr; nrf_log_frontend_std_0 &rArr; std_n &rArr; nrf_log_frontend_dequeue &rArr;  nrf_log_frontend_std_0 (Cycle)
</UL>
<BR>[Calls]<UL><LI><a href="#[ee]">&gt;&gt;</a>&nbsp;&nbsp;&nbsp;app_error_handler_bare
<LI><a href="#[33c]">&gt;&gt;</a>&nbsp;&nbsp;&nbsp;sd_nvic_DisableIRQ
</UL>
<BR>[Called By]<UL><LI><a href="#[2d6]">&gt;&gt;</a>&nbsp;&nbsp;&nbsp;nrf_sdh_disable_request
</UL>

<P><STRONG><a name="[2da]"></a>softdevices_evt_irq_enable</STRONG> (Thumb, 30 bytes, Stack size 16 bytes, nrf_sdh.o(i.softdevices_evt_irq_enable))
<BR><BR>[Stack]<UL><LI>Max Depth = 304<LI>Call Chain = softdevices_evt_irq_enable &rArr; app_error_handler_bare &rArr; app_error_fault_handler &rArr; nrf_log_frontend_std_0 &rArr; std_n &rArr; nrf_log_frontend_dequeue &rArr;  nrf_log_frontend_std_0 (Cycle)
</UL>
<BR>[Calls]<UL><LI><a href="#[ee]">&gt;&gt;</a>&nbsp;&nbsp;&nbsp;app_error_handler_bare
<LI><a href="#[33e]">&gt;&gt;</a>&nbsp;&nbsp;&nbsp;sd_nvic_EnableIRQ
</UL>
<BR>[Called By]<UL><LI><a href="#[17a]">&gt;&gt;</a>&nbsp;&nbsp;&nbsp;nrf_sdh_enable_request
</UL>

<P><STRONG><a name="[84]"></a>nrf_sdh_ble_evts_poll</STRONG> (Thumb, 108 bytes, Stack size 544 bytes, nrf_sdh_ble.o(i.nrf_sdh_ble_evts_poll))
<BR><BR>[Stack]<UL><LI>Max Depth = 832<LI>Call Chain = nrf_sdh_ble_evts_poll &rArr; app_error_handler_bare &rArr; app_error_fault_handler &rArr; nrf_log_frontend_std_0 &rArr; std_n &rArr; nrf_log_frontend_dequeue &rArr;  nrf_log_frontend_std_0 (Cycle)
</UL>
<BR>[Calls]<UL><LI><a href="#[ee]">&gt;&gt;</a>&nbsp;&nbsp;&nbsp;app_error_handler_bare
<LI><a href="#[2d5]">&gt;&gt;</a>&nbsp;&nbsp;&nbsp;nrf_section_iter_next
<LI><a href="#[2cd]">&gt;&gt;</a>&nbsp;&nbsp;&nbsp;nrf_section_iter_init
</UL>
<BR>[Address Reference Count : 1]<UL><LI> nrf_sdh_ble.o(sdh_stack_observers0)
</UL>
<P><STRONG><a name="[2d4]"></a>ram_end_address_get</STRONG> (Thumb, 12 bytes, Stack size 0 bytes, nrf_sdh_ble.o(i.ram_end_address_get))
<BR><BR>[Called By]<UL><LI><a href="#[17c]">&gt;&gt;</a>&nbsp;&nbsp;&nbsp;nrf_sdh_ble_enable
</UL>

<P><STRONG><a name="[85]"></a>nrf_sdh_soc_evts_poll</STRONG> (Thumb, 80 bytes, Stack size 40 bytes, nrf_sdh_soc.o(i.nrf_sdh_soc_evts_poll))
<BR><BR>[Stack]<UL><LI>Max Depth = 328<LI>Call Chain = nrf_sdh_soc_evts_poll &rArr; app_error_handler_bare &rArr; app_error_fault_handler &rArr; nrf_log_frontend_std_0 &rArr; std_n &rArr; nrf_log_frontend_dequeue &rArr;  nrf_log_frontend_std_0 (Cycle)
</UL>
<BR>[Calls]<UL><LI><a href="#[ee]">&gt;&gt;</a>&nbsp;&nbsp;&nbsp;app_error_handler_bare
<LI><a href="#[2d5]">&gt;&gt;</a>&nbsp;&nbsp;&nbsp;nrf_section_iter_next
<LI><a href="#[2cd]">&gt;&gt;</a>&nbsp;&nbsp;&nbsp;nrf_section_iter_init
</UL>
<BR>[Address Reference Count : 1]<UL><LI> nrf_sdh_soc.o(sdh_stack_observers0)
</UL>
<P><STRONG><a name="[e2]"></a>errata_16</STRONG> (Thumb, 42 bytes, Stack size 0 bytes, system_nrf52.o(i.errata_16))
<BR><BR>[Called By]<UL><LI><a href="#[39]">&gt;&gt;</a>&nbsp;&nbsp;&nbsp;SystemInit
</UL>

<P><STRONG><a name="[e3]"></a>errata_31</STRONG> (Thumb, 78 bytes, Stack size 0 bytes, system_nrf52.o(i.errata_31))
<BR><BR>[Called By]<UL><LI><a href="#[39]">&gt;&gt;</a>&nbsp;&nbsp;&nbsp;SystemInit
</UL>

<P><STRONG><a name="[e4]"></a>errata_32</STRONG> (Thumb, 42 bytes, Stack size 0 bytes, system_nrf52.o(i.errata_32))
<BR><BR>[Called By]<UL><LI><a href="#[39]">&gt;&gt;</a>&nbsp;&nbsp;&nbsp;SystemInit
</UL>

<P><STRONG><a name="[e5]"></a>errata_36</STRONG> (Thumb, 78 bytes, Stack size 0 bytes, system_nrf52.o(i.errata_36))
<BR><BR>[Called By]<UL><LI><a href="#[39]">&gt;&gt;</a>&nbsp;&nbsp;&nbsp;SystemInit
</UL>

<P><STRONG><a name="[e6]"></a>errata_37</STRONG> (Thumb, 42 bytes, Stack size 0 bytes, system_nrf52.o(i.errata_37))
<BR><BR>[Called By]<UL><LI><a href="#[39]">&gt;&gt;</a>&nbsp;&nbsp;&nbsp;SystemInit
</UL>

<P><STRONG><a name="[e7]"></a>errata_57</STRONG> (Thumb, 42 bytes, Stack size 0 bytes, system_nrf52.o(i.errata_57))
<BR><BR>[Called By]<UL><LI><a href="#[39]">&gt;&gt;</a>&nbsp;&nbsp;&nbsp;SystemInit
</UL>

<P><STRONG><a name="[e8]"></a>errata_66</STRONG> (Thumb, 42 bytes, Stack size 0 bytes, system_nrf52.o(i.errata_66))
<BR><BR>[Called By]<UL><LI><a href="#[39]">&gt;&gt;</a>&nbsp;&nbsp;&nbsp;SystemInit
</UL>

<P><STRONG><a name="[cc]"></a>sha512_blocks</STRONG> (Thumb, 796 bytes, Stack size unknown bytes, ocrypto_sha512.c.obj(.text.sha512_blocks))
<BR><BR>[Calls]<UL><LI><a href="#[cf]">&gt;&gt;</a>&nbsp;&nbsp;&nbsp;ocrypto_sha512_loop2
<LI><a href="#[ce]">&gt;&gt;</a>&nbsp;&nbsp;&nbsp;ocrypto_sha512_loop1
</UL>
<BR>[Called By]<UL><LI><a href="#[c3]">&gt;&gt;</a>&nbsp;&nbsp;&nbsp;ocrypto_sha512
</UL>

<P><STRONG><a name="[cd]"></a>sha512_blocks.constprop.0</STRONG> (Thumb, 576 bytes, Stack size unknown bytes, ocrypto_sha512.c.obj(.text.sha512_blocks.constprop.0))
<BR><BR>[Calls]<UL><LI><a href="#[cf]">&gt;&gt;</a>&nbsp;&nbsp;&nbsp;ocrypto_sha512_loop2
<LI><a href="#[ce]">&gt;&gt;</a>&nbsp;&nbsp;&nbsp;ocrypto_sha512_loop1
</UL>
<BR>[Called By]<UL><LI><a href="#[cb]">&gt;&gt;</a>&nbsp;&nbsp;&nbsp;ocrypto_sha512_final
</UL>

<P><STRONG><a name="[b4]"></a>p256_zdblu</STRONG> (Thumb, 184 bytes, Stack size unknown bytes, ocrypto_curve_p256.c.obj(.text.p256_zdblu))
<BR><BR>[Calls]<UL><LI><a href="#[b9]">&gt;&gt;</a>&nbsp;&nbsp;&nbsp;ocrypto_mod_p256_sub
<LI><a href="#[b1]">&gt;&gt;</a>&nbsp;&nbsp;&nbsp;ocrypto_mod_p256_mul
<LI><a href="#[af]">&gt;&gt;</a>&nbsp;&nbsp;&nbsp;ocrypto_mod_p256_square
<LI><a href="#[b0]">&gt;&gt;</a>&nbsp;&nbsp;&nbsp;ocrypto_mod_p256_add
</UL>
<BR>[Called By]<UL><LI><a href="#[b3]">&gt;&gt;</a>&nbsp;&nbsp;&nbsp;ocrypto_curve_p256_scalarmult
</UL>

<P><STRONG><a name="[b7]"></a>p256_zaddc</STRONG> (Thumb, 204 bytes, Stack size unknown bytes, ocrypto_curve_p256.c.obj(.text.p256_zaddc))
<BR><BR>[Calls]<UL><LI><a href="#[b9]">&gt;&gt;</a>&nbsp;&nbsp;&nbsp;ocrypto_mod_p256_sub
<LI><a href="#[b1]">&gt;&gt;</a>&nbsp;&nbsp;&nbsp;ocrypto_mod_p256_mul
<LI><a href="#[af]">&gt;&gt;</a>&nbsp;&nbsp;&nbsp;ocrypto_mod_p256_square
<LI><a href="#[b0]">&gt;&gt;</a>&nbsp;&nbsp;&nbsp;ocrypto_mod_p256_add
</UL>
<BR>[Called By]<UL><LI><a href="#[b3]">&gt;&gt;</a>&nbsp;&nbsp;&nbsp;ocrypto_curve_p256_scalarmult
</UL>

<P><STRONG><a name="[b6]"></a>p256_zaddu</STRONG> (Thumb, 152 bytes, Stack size unknown bytes, ocrypto_curve_p256.c.obj(.text.p256_zaddu))
<BR><BR>[Calls]<UL><LI><a href="#[b9]">&gt;&gt;</a>&nbsp;&nbsp;&nbsp;ocrypto_mod_p256_sub
<LI><a href="#[b1]">&gt;&gt;</a>&nbsp;&nbsp;&nbsp;ocrypto_mod_p256_mul
<LI><a href="#[af]">&gt;&gt;</a>&nbsp;&nbsp;&nbsp;ocrypto_mod_p256_square
</UL>
<BR>[Called By]<UL><LI><a href="#[b3]">&gt;&gt;</a>&nbsp;&nbsp;&nbsp;ocrypto_curve_p256_scalarmult
</UL>

<P><STRONG><a name="[99]"></a>mixaddsub_p1p1</STRONG> (Thumb, 204 bytes, Stack size unknown bytes, ocrypto_ge25519.c.obj(.text.mixaddsub_p1p1))
<BR><BR>[Calls]<UL><LI><a href="#[98]">&gt;&gt;</a>&nbsp;&nbsp;&nbsp;ocrypto_mod25519_mul
<LI><a href="#[a1]">&gt;&gt;</a>&nbsp;&nbsp;&nbsp;ocrypto_mod25519_sub
<LI><a href="#[9f]">&gt;&gt;</a>&nbsp;&nbsp;&nbsp;ocrypto_mod25519_add
<LI><a href="#[8d]">&gt;&gt;</a>&nbsp;&nbsp;&nbsp;ocrypto_bigint_cswap256
</UL>
<BR>[Called By]<UL><LI><a href="#[9b]">&gt;&gt;</a>&nbsp;&nbsp;&nbsp;add_entry.constprop.2
<LI><a href="#[9a]">&gt;&gt;</a>&nbsp;&nbsp;&nbsp;add_entry.constprop.1
<LI><a href="#[96]">&gt;&gt;</a>&nbsp;&nbsp;&nbsp;add_entry.constprop.0
</UL>

<P><STRONG><a name="[9d]"></a>dbl_p1p1</STRONG> (Thumb, 134 bytes, Stack size unknown bytes, ocrypto_ge25519.c.obj(.text.dbl_p1p1))
<BR><BR>[Calls]<UL><LI><a href="#[9e]">&gt;&gt;</a>&nbsp;&nbsp;&nbsp;ocrypto_mod25519_square
<LI><a href="#[a1]">&gt;&gt;</a>&nbsp;&nbsp;&nbsp;ocrypto_mod25519_sub
<LI><a href="#[9f]">&gt;&gt;</a>&nbsp;&nbsp;&nbsp;ocrypto_mod25519_add
<LI><a href="#[a0]">&gt;&gt;</a>&nbsp;&nbsp;&nbsp;ocrypto_mod25519_neg
</UL>
<BR>[Called By]<UL><LI><a href="#[c5]">&gt;&gt;</a>&nbsp;&nbsp;&nbsp;ocrypto_ge25519_scalarmult_base
</UL>

<P><STRONG><a name="[97]"></a>get_entry</STRONG> (Thumb, 104 bytes, Stack size unknown bytes, ocrypto_ge25519.c.obj(.text.get_entry))
<BR><BR>[Calls]<UL><LI><a href="#[a3]">&gt;&gt;</a>&nbsp;&nbsp;&nbsp;ocrypto_bigint_cadd256
<LI><a href="#[a2]">&gt;&gt;</a>&nbsp;&nbsp;&nbsp;ocrypto_mod25519_init
</UL>
<BR>[Called By]<UL><LI><a href="#[9a]">&gt;&gt;</a>&nbsp;&nbsp;&nbsp;add_entry.constprop.1
<LI><a href="#[96]">&gt;&gt;</a>&nbsp;&nbsp;&nbsp;add_entry.constprop.0
</UL>

<P><STRONG><a name="[9c]"></a>get_entry.constprop.0</STRONG> (Thumb, 92 bytes, Stack size unknown bytes, ocrypto_ge25519.c.obj(.text.get_entry.constprop.0))
<BR><BR>[Calls]<UL><LI><a href="#[a3]">&gt;&gt;</a>&nbsp;&nbsp;&nbsp;ocrypto_bigint_cadd256
<LI><a href="#[a2]">&gt;&gt;</a>&nbsp;&nbsp;&nbsp;ocrypto_mod25519_init
</UL>
<BR>[Called By]<UL><LI><a href="#[9b]">&gt;&gt;</a>&nbsp;&nbsp;&nbsp;add_entry.constprop.2
<LI><a href="#[c5]">&gt;&gt;</a>&nbsp;&nbsp;&nbsp;ocrypto_ge25519_scalarmult_base
</UL>

<P><STRONG><a name="[96]"></a>add_entry.constprop.0</STRONG> (Thumb, 90 bytes, Stack size unknown bytes, ocrypto_ge25519.c.obj(.text.add_entry.constprop.0))
<BR><BR>[Calls]<UL><LI><a href="#[97]">&gt;&gt;</a>&nbsp;&nbsp;&nbsp;get_entry
<LI><a href="#[99]">&gt;&gt;</a>&nbsp;&nbsp;&nbsp;mixaddsub_p1p1
<LI><a href="#[98]">&gt;&gt;</a>&nbsp;&nbsp;&nbsp;ocrypto_mod25519_mul
</UL>
<BR>[Called By]<UL><LI><a href="#[c5]">&gt;&gt;</a>&nbsp;&nbsp;&nbsp;ocrypto_ge25519_scalarmult_base
</UL>

<P><STRONG><a name="[9a]"></a>add_entry.constprop.1</STRONG> (Thumb, 90 bytes, Stack size unknown bytes, ocrypto_ge25519.c.obj(.text.add_entry.constprop.1))
<BR><BR>[Calls]<UL><LI><a href="#[97]">&gt;&gt;</a>&nbsp;&nbsp;&nbsp;get_entry
<LI><a href="#[99]">&gt;&gt;</a>&nbsp;&nbsp;&nbsp;mixaddsub_p1p1
<LI><a href="#[98]">&gt;&gt;</a>&nbsp;&nbsp;&nbsp;ocrypto_mod25519_mul
</UL>
<BR>[Called By]<UL><LI><a href="#[c5]">&gt;&gt;</a>&nbsp;&nbsp;&nbsp;ocrypto_ge25519_scalarmult_base
</UL>

<P><STRONG><a name="[9b]"></a>add_entry.constprop.2</STRONG> (Thumb, 86 bytes, Stack size unknown bytes, ocrypto_ge25519.c.obj(.text.add_entry.constprop.2))
<BR><BR>[Calls]<UL><LI><a href="#[9c]">&gt;&gt;</a>&nbsp;&nbsp;&nbsp;get_entry.constprop.0
<LI><a href="#[99]">&gt;&gt;</a>&nbsp;&nbsp;&nbsp;mixaddsub_p1p1
<LI><a href="#[98]">&gt;&gt;</a>&nbsp;&nbsp;&nbsp;ocrypto_mod25519_mul
</UL>
<BR>[Called By]<UL><LI><a href="#[c5]">&gt;&gt;</a>&nbsp;&nbsp;&nbsp;ocrypto_ge25519_scalarmult_base
</UL>

<P><STRONG><a name="[a4]"></a>m_reduction_step</STRONG> (Thumb, 96 bytes, Stack size unknown bytes, ocrypto_sc25519.c.obj(.text.m_reduction_step))
<BR><BR>[Calls]<UL><LI><a href="#[a3]">&gt;&gt;</a>&nbsp;&nbsp;&nbsp;ocrypto_bigint_cadd256
<LI><a href="#[a6]">&gt;&gt;</a>&nbsp;&nbsp;&nbsp;ocrypto_bigint_sub256
<LI><a href="#[a5]">&gt;&gt;</a>&nbsp;&nbsp;&nbsp;ocrypto_bigint_mul128
</UL>
<BR>[Called By]<UL><LI><a href="#[c4]">&gt;&gt;</a>&nbsp;&nbsp;&nbsp;ocrypto_sc25519_from32bytes
</UL>

<P><STRONG><a name="[8e]"></a>cswap64</STRONG> (Thumb, 0 bytes, Stack size unknown bytes, ocrypto_bigint256.s.obj(.text))
<BR><BR>[Called By]<UL><LI><a href="#[8d]">&gt;&gt;</a>&nbsp;&nbsp;&nbsp;ocrypto_bigint_cswap256
</UL>
<P>
<H3>
Undefined Global Symbols
</H3><HR></body></html>
