<html>
<body>
<pre>
<h1>µVision Build Log</h1>
<h2>Tool Versions:</h2>
IDE-Version: ¦ÌVision V5.20.0.0
Copyright (C) 2016 ARM Ltd and ARM Germany GmbH. All rights reserved.
License Information: LY LY PC, ly, LIC=14HLQ-N54GN-8F4IE-5T3SG-D4AUR-3CSXI
 
Tool Versions:
Toolchain:       MDK-ARM Plus  Version: 5.20
Toolchain Path:  D:\Program Files\MDK\ARM\ARMCC\Bin
C Compiler:      Armcc.exe V5.06 update 2 (build 183)
Assembler:       Armasm.exe V5.06 update 2 (build 183)
Linker/Locator:  ArmLink.exe V5.06 update 2 (build 183)
Library Manager: ArmAr.exe V5.06 update 2 (build 183)
Hex Converter:   FromElf.exe V5.06 update 2 (build 183)
CPU DLL:         SARMCM3.DLL V5.20
Dialog DLL:      DCM.DLL V1.13.7.0
Target DLL:      Segger\JL2CM3.dll V2.99.20.0
Dialog DLL:      TCM.DLL V1.14.9.0
 
<h2>Project:</h2>
F:\Embedded_Technology\NRF_Series\workspace\NRF52832_ble_demo\project\mdk5\NRF52832_First_Demo.uvprojx
Project File Date:  07/25/2020

<h2>Output:</h2>
*** Using Compiler 'V5.06 update 2 (build 183)', folder: 'D:\Program Files\MDK\ARM\ARMCC\Bin'
Build target 'NRF52832'
linking...
.\Objects\NRF52832_First_Demo.axf: Warning: L6330W: Undefined symbol pwr_mgmt_data0$$Base (referred from nrf_pwr_mgmt.o). Unused section has been removed.
.\Objects\NRF52832_First_Demo.axf: Warning: L6330W: Undefined symbol pwr_mgmt_data0$$Limit (referred from nrf_pwr_mgmt.o). Unused section has been removed.
.\Objects\NRF52832_First_Demo.axf: Warning: L6330W: Undefined symbol pwr_mgmt_data1$$Base (referred from nrf_pwr_mgmt.o). Unused section has been removed.
.\Objects\NRF52832_First_Demo.axf: Warning: L6330W: Undefined symbol pwr_mgmt_data1$$Limit (referred from nrf_pwr_mgmt.o). Unused section has been removed.
.\Objects\NRF52832_First_Demo.axf: Warning: L6330W: Undefined symbol pwr_mgmt_data2$$Base (referred from nrf_pwr_mgmt.o). Unused section has been removed.
.\Objects\NRF52832_First_Demo.axf: Warning: L6330W: Undefined symbol pwr_mgmt_data2$$Limit (referred from nrf_pwr_mgmt.o). Unused section has been removed.
.\Objects\NRF52832_First_Demo.axf: Warning: L6330W: Undefined symbol log_dynamic_data$$Base (referred from nrf_log_frontend.o). Unused section has been removed.
.\Objects\NRF52832_First_Demo.axf: Warning: L6330W: Undefined symbol sdh_req_observers1$$Base (referred from nrf_sdh.o). Unused section has been removed.
.\Objects\NRF52832_First_Demo.axf: Warning: L6330W: Undefined symbol sdh_req_observers1$$Limit (referred from nrf_sdh.o). Unused section has been removed.
.\Objects\NRF52832_First_Demo.axf: Warning: L6330W: Undefined symbol sdh_stack_observers1$$Base (referred from nrf_sdh.o). Unused section has been removed.
.\Objects\NRF52832_First_Demo.axf: Warning: L6330W: Undefined symbol sdh_stack_observers1$$Limit (referred from nrf_sdh.o). Unused section has been removed.
.\Objects\NRF52832_First_Demo.axf: Warning: L6330W: Undefined symbol sdh_state_observers1$$Base (referred from nrf_sdh.o). Unused section has been removed.
.\Objects\NRF52832_First_Demo.axf: Warning: L6330W: Undefined symbol sdh_state_observers1$$Limit (referred from nrf_sdh.o). Unused section has been removed.
.\Objects\NRF52832_First_Demo.axf: Warning: L6330W: Undefined symbol sdh_soc_observers1$$Base (referred from nrf_sdh_soc.o). Unused section has been removed.
.\Objects\NRF52832_First_Demo.axf: Warning: L6330W: Undefined symbol sdh_soc_observers1$$Limit (referred from nrf_sdh_soc.o). Unused section has been removed.
Program Size: Code=75560 RO-data=12416 RW-data=712 ZI-data=23256  
Finished: 0 information, 15 warning and 0 error messages.
FromELF: creating hex file...
".\Objects\NRF52832_First_Demo.axf" - 0 Error(s), 15 Warning(s).

<h2>Software Packages used:</h2>

Package Vendor: ARM
                http://www.keil.com/pack/ARM.CMSIS.5.0.0-Beta4.pack
                ARM::CMSIS:CORE:5.0.0
                CMSIS (Cortex Microcontroller Software Interface Standard)
   * Component: CORE Version: 5.0.0

Package Vendor: NordicSemiconductor
                http://developer.nordicsemi.com/nRF5_SDK/pieces/nRF_DeviceFamilyPack/NordicSemiconductor.nRF_DeviceFamilyPack.8.6.1.pack
                NordicSemiconductor::Device:Startup:8.6.1
                Nordic Semiconductor nRF ARM devices Device Family Pack.
   * Component: Startup Version: 8.6.1

<h2>Collection of Component include folders:</h2>
  F:\Embedded_Technology\NRF_Series\workspace\NRF52832_ble_demo\project\mdk5\RTE
  D:\Program Files\MDK\ARM\PACK\ARM\CMSIS\5.0.0-Beta4\CMSIS\Include
  D:\Program Files\MDK\ARM\PACK\NordicSemiconductor\nRF_DeviceFamilyPack\8.6.1\Device\Include

<h2>Collection of Component Files used:</h2>

   * Component: ARM::CMSIS:CORE:5.0.0

   * Component: NordicSemiconductor::Device:Startup:8.6.1
      Source file:   Device\Source\system_nrf52.c
      Include file:  Device\Include\system_nrf52.h
      Source file:   Device\Source\arm\arm_startup_nrf52.s
Build Time Elapsed:  00:00:04
</pre>
</body>
</html>
